Component: ARM Compiler 5.06 update 5 (build 528) Tool: armlink [4d35e2]

==============================================================================

Section Cross References

    main.o(i.main) refers to delay.o(i.delay_init) for delay_init
    main.o(i.main) refers to led.o(i.LEDInit) for LEDInit
    main.o(i.main) refers to led.o(i.LEDOn) for LEDOn
    main.o(i.main) refers to led.o(i.LEDOff) for LEDOff
    main.o(i.main) refers to delay.o(i.delay_ms) for delay_ms
    delay.o(i.delay_init) refers to misc.o(i.SysTick_CLKSourceConfig) for SysTick_CLKSourceConfig
    delay.o(i.delay_init) refers to dflt_clz.o(x$fpl$dfltu) for __aeabi_ui2d
    delay.o(i.delay_init) refers to ddiv.o(x$fpl$ddiv) for __aeabi_ddiv
    delay.o(i.delay_init) refers to d2f.o(x$fpl$d2f) for __aeabi_d2f
    delay.o(i.delay_init) refers to delay.o(.data) for fac_us
    delay.o(i.delay_ms) refers to delay.o(i.delay_xms) for delay_xms
    delay.o(i.delay_us) refers to delay.o(.data) for fac_us_tmp
    delay.o(i.delay_xms) refers to delay.o(.data) for fac_ms
    usart.o(.rev16_text) refers (Special) to use_no_semi_2.o(.text) for __use_no_semihosting
    usart.o(.revsh_text) refers (Special) to use_no_semi_2.o(.text) for __use_no_semihosting
    usart.o(.rrx_text) refers (Special) to use_no_semi_2.o(.text) for __use_no_semihosting
    usart.o(i._sys_exit) refers (Special) to use_no_semi_2.o(.text) for __use_no_semihosting
    usart.o(i.fputc) refers (Special) to use_no_semi_2.o(.text) for __use_no_semihosting
    usart.o(.bss) refers (Special) to use_no_semi_2.o(.text) for __use_no_semihosting
    usart.o(.data) refers (Special) to use_no_semi_2.o(.text) for __use_no_semihosting
    led.o(i.LEDInit) refers to stm32f4xx_rcc.o(i.RCC_AHB1PeriphClockCmd) for RCC_AHB1PeriphClockCmd
    led.o(i.LEDInit) refers to stm32f4xx_gpio.o(i.GPIO_Init) for GPIO_Init
    led.o(i.LEDInit) refers to led.o(.constdata) for GPIO_CLK
    led.o(i.LEDInit) refers to led.o(.data) for GPIO_PORT
    led.o(i.LEDOff) refers to led.o(.constdata) for GPIO_PIN
    led.o(i.LEDOff) refers to led.o(.data) for GPIO_PORT
    led.o(i.LEDOn) refers to led.o(.constdata) for GPIO_PIN
    led.o(i.LEDOn) refers to led.o(.data) for GPIO_PORT
    led.o(i.LEDToggle) refers to led.o(.data) for GPIO_PORT
    led.o(i.LEDToggle) refers to led.o(.constdata) for GPIO_PIN
    stm32f4xx_flash.o(i.FLASH_EraseAllBank1Sectors) refers to stm32f4xx_flash.o(i.FLASH_WaitForLastOperation) for FLASH_WaitForLastOperation
    stm32f4xx_flash.o(i.FLASH_EraseAllBank2Sectors) refers to stm32f4xx_flash.o(i.FLASH_WaitForLastOperation) for FLASH_WaitForLastOperation
    stm32f4xx_flash.o(i.FLASH_EraseAllSectors) refers to stm32f4xx_flash.o(i.FLASH_WaitForLastOperation) for FLASH_WaitForLastOperation
    stm32f4xx_flash.o(i.FLASH_EraseSector) refers to stm32f4xx_flash.o(i.FLASH_WaitForLastOperation) for FLASH_WaitForLastOperation
    stm32f4xx_flash.o(i.FLASH_OB_Launch) refers to stm32f4xx_flash.o(i.FLASH_WaitForLastOperation) for FLASH_WaitForLastOperation
    stm32f4xx_flash.o(i.FLASH_OB_PCROP1Config) refers to stm32f4xx_flash.o(i.FLASH_WaitForLastOperation) for FLASH_WaitForLastOperation
    stm32f4xx_flash.o(i.FLASH_OB_PCROPConfig) refers to stm32f4xx_flash.o(i.FLASH_WaitForLastOperation) for FLASH_WaitForLastOperation
    stm32f4xx_flash.o(i.FLASH_OB_RDPConfig) refers to stm32f4xx_flash.o(i.FLASH_WaitForLastOperation) for FLASH_WaitForLastOperation
    stm32f4xx_flash.o(i.FLASH_OB_UserConfig) refers to stm32f4xx_flash.o(i.FLASH_WaitForLastOperation) for FLASH_WaitForLastOperation
    stm32f4xx_flash.o(i.FLASH_OB_WRP1Config) refers to stm32f4xx_flash.o(i.FLASH_WaitForLastOperation) for FLASH_WaitForLastOperation
    stm32f4xx_flash.o(i.FLASH_OB_WRPConfig) refers to stm32f4xx_flash.o(i.FLASH_WaitForLastOperation) for FLASH_WaitForLastOperation
    stm32f4xx_flash.o(i.FLASH_ProgramByte) refers to stm32f4xx_flash.o(i.FLASH_WaitForLastOperation) for FLASH_WaitForLastOperation
    stm32f4xx_flash.o(i.FLASH_ProgramDoubleWord) refers to stm32f4xx_flash.o(i.FLASH_WaitForLastOperation) for FLASH_WaitForLastOperation
    stm32f4xx_flash.o(i.FLASH_ProgramHalfWord) refers to stm32f4xx_flash.o(i.FLASH_WaitForLastOperation) for FLASH_WaitForLastOperation
    stm32f4xx_flash.o(i.FLASH_ProgramWord) refers to stm32f4xx_flash.o(i.FLASH_WaitForLastOperation) for FLASH_WaitForLastOperation
    stm32f4xx_flash.o(i.FLASH_WaitForLastOperation) refers to stm32f4xx_flash.o(i.FLASH_GetStatus) for FLASH_GetStatus
    stm32f4xx_gpio.o(i.GPIO_DeInit) refers to stm32f4xx_rcc.o(i.RCC_AHB1PeriphResetCmd) for RCC_AHB1PeriphResetCmd
    stm32f4xx_pwr.o(i.PWR_DeInit) refers to stm32f4xx_rcc.o(i.RCC_APB1PeriphResetCmd) for RCC_APB1PeriphResetCmd
    stm32f4xx_rcc.o(i.RCC_GetClocksFreq) refers to stm32f4xx_rcc.o(.data) for APBAHBPrescTable
    stm32f4xx_rcc.o(i.RCC_WaitForHSEStartUp) refers to stm32f4xx_rcc.o(i.RCC_GetFlagStatus) for RCC_GetFlagStatus
[...]
    rtexit.o(.ARM.Collect$$rtexit$$00000000) refers (Special) to rtexit2.o(.ARM.Collect$$rtexit$$00000004) for __rt_exit_exit
    rtexit.o(.ARM.Collect$$rtexit$$00000000) refers (Special) to rtexit2.o(.ARM.Collect$$rtexit$$00000003) for __rt_exit_ls
    rtexit.o(.ARM.Collect$$rtexit$$00000000) refers (Special) to rtexit2.o(.ARM.Collect$$rtexit$$00000002) for __rt_exit_prels_1
    rtexit.o(.ARM.exidx) refers (Special) to rtexit2.o(.ARM.Collect$$rtexit$$00000004) for __rt_exit_exit
    rtexit.o(.ARM.exidx) refers (Special) to rtexit2.o(.ARM.Collect$$rtexit$$00000003) for __rt_exit_ls
    rtexit.o(.ARM.exidx) refers (Special) to rtexit2.o(.ARM.Collect$$rtexit$$00000002) for __rt_exit_prels_1
    rtexit.o(.ARM.exidx) refers to rtexit.o(.ARM.Collect$$rtexit$$00000000) for .ARM.Collect$$rtexit$$00000000
    libinit2.o(.ARM.Collect$$libinit$$00000001) refers to fpinit.o(x$fpl$fpinit) for _fp_init
    libinit2.o(.ARM.Collect$$libinit$$00000010) refers to libinit2.o(.ARM.Collect$$libinit$$0000000F) for .ARM.Collect$$libinit$$0000000F
    libinit2.o(.ARM.Collect$$libinit$$00000012) refers to libinit2.o(.ARM.Collect$$libinit$$0000000F) for .ARM.Collect$$libinit$$0000000F
    libinit2.o(.ARM.Collect$$libinit$$00000014) refers to libinit2.o(.ARM.Collect$$libinit$$0000000F) for .ARM.Collect$$libinit$$0000000F
    libinit2.o(.ARM.Collect$$libinit$$00000016) refers to libinit2.o(.ARM.Collect$$libinit$$0000000F) for .ARM.Collect$$libinit$$0000000F
    libinit2.o(.ARM.Collect$$libinit$$00000018) refers to libinit2.o(.ARM.Collect$$libinit$$0000000F) for .ARM.Collect$$libinit$$0000000F
    libinit2.o(.ARM.Collect$$libinit$$00000026) refers to argv_veneer.o(.emb_text) for __ARM_argv_veneer
    libinit2.o(.ARM.Collect$$libinit$$00000027) refers to argv_veneer.o(.emb_text) for __ARM_argv_veneer
    rtexit2.o(.ARM.Collect$$rtexit$$00000003) refers to libshutdown.o(.ARM.Collect$$libshutdown$$00000000) for __rt_lib_shutdown
    rtexit2.o(.ARM.Collect$$rtexit$$00000004) refers to usart.o(i._sys_exit) for _sys_exit
    rtexit2.o(.ARM.exidx) refers to rtexit2.o(.ARM.Collect$$rtexit$$00000001) for .ARM.Collect$$rtexit$$00000001
    rtexit2.o(.ARM.exidx) refers to rtexit2.o(.ARM.Collect$$rtexit$$00000003) for .ARM.Collect$$rtexit$$00000003
    rtexit2.o(.ARM.exidx) refers to rtexit2.o(.ARM.Collect$$rtexit$$00000004) for .ARM.Collect$$rtexit$$00000004
    argv_veneer.o(.emb_text) refers to no_argv.o(.text) for __ARM_get_argv
    _get_argv_nomalloc.o(.text) refers (Special) to hrguard.o(.text) for __heap_region$guard
    _get_argv_nomalloc.o(.text) refers to defsig_rtmem_outer.o(.text) for __rt_SIGRTMEM
    _get_argv_nomalloc.o(.text) refers to sys_command.o(.text) for _sys_command_string
    libshutdown.o(.ARM.Collect$$libshutdown$$00000000) refers (Special) to libshutdown2.o(.ARM.Collect$$libshutdown$$00000002) for __rt_lib_shutdown_cpp_1
    libshutdown.o(.ARM.Collect$$libshutdown$$00000000) refers (Special) to libshutdown2.o(.ARM.Collect$$libshutdown$$00000007) for __rt_lib_shutdown_fp_trap_1
    libshutdown.o(.ARM.Collect$$libshutdown$$00000000) refers (Special) to libshutdown2.o(.ARM.Collect$$libshutdown$$0000000F) for __rt_lib_shutdown_heap_1
    libshutdown.o(.ARM.Collect$$libshutdown$$00000000) refers (Special) to libshutdown2.o(.ARM.Collect$$libshutdown$$00000010) for __rt_lib_shutdown_return
    libshutdown.o(.ARM.Collect$$libshutdown$$00000000) refers (Special) to libshutdown2.o(.ARM.Collect$$libshutdown$$0000000A) for __rt_lib_shutdown_signal_1
    libshutdown.o(.ARM.Collect$$libshutdown$$00000000) refers (Special) to libshutdown2.o(.ARM.Collect$$libshutdown$$00000004) for __rt_lib_shutdown_stdio_1
    libshutdown.o(.ARM.Collect$$libshutdown$$00000000) refers (Special) to libshutdown2.o(.ARM.Collect$$libshutdown$$0000000C) for __rt_lib_shutdown_user_alloc_1
    sys_command.o(.text) refers (Special) to use_no_semi.o(.text) for __I$use$semihosting
    sys_command.o(.text) refers (Special) to indicate_semi.o(.text) for __semihosting_library_function
    defsig_rtmem_outer.o(.text) refers to defsig_rtmem_inner.o(.text) for __rt_SIGRTMEM_inner
    defsig_rtmem_outer.o(.text) refers to defsig_exit.o(.text) for __sig_exit
    defsig_rtmem_formal.o(.text) refers to rt_raise.o(.text) for __rt_raise
    rt_raise.o(.text) refers to __raise.o(.text) for __raise
    rt_raise.o(.text) refers to usart.o(i._sys_exit) for _sys_exit
    defsig_exit.o(.text) refers to usart.o(i._sys_exit) for _sys_exit
    defsig_rtmem_inner.o(.text) refers to defsig_general.o(.text) for __default_signal_display
    __raise.o(.text) refers to defsig.o(CL$$defsig) for __default_signal_handler
    defsig_general.o(.text) refers to sys_wrch.o(.text) for _ttywrch
    sys_wrch.o(.text) refers (Special) to use_no_semi.o(.text) for __I$use$semihosting
    sys_wrch.o(.text) refers (Special) to indicate_semi.o(.text) for __semihosting_library_function
    defsig.o(CL$$defsig) refers to defsig_rtmem_inner.o(.text) for __rt_SIGRTMEM_inner
    defsig_abrt_inner.o(.text) refers to defsig_general.o(.text) for __default_signal_display
    defsig_fpe_inner.o(.text) refers to defsig_general.o(.text) for __default_signal_display
    defsig_rtred_inner.o(.text) refers to defsig_general.o(.text) for __default_signal_display
    defsig_stak_inner.o(.text) refers to defsig_general.o(.text) for __default_signal_display
    defsig_pvfn_inner.o(.text) refers to defsig_general.o(.text) for __default_signal_display
    defsig_cppl_inner.o(.text) refers to defsig_general.o(.text) for __default_signal_display
    defsig_segv_inner.o(.text) refers to defsig_general.o(.text) for __default_signal_display
    defsig_other.o(.text) refers to defsig_general.o(.text) for __default_signal_display


==============================================================================

Removing Unused input sections from the image.

    Removing main.o(.rev16_text), (4 bytes).
    Removing main.o(.revsh_text), (4 bytes).
    Removing main.o(.rrx_text), (6 bytes).
    Removing stm32f4xx_it.o(.rev16_text), (4 bytes).
    Removing stm32f4xx_it.o(.revsh_text), (4 bytes).
    Removing stm32f4xx_it.o(.rrx_text), (6 bytes).
    Removing delay.o(.rev16_text), (4 bytes).
    Removing delay.o(.revsh_text), (4 bytes).
    Removing delay.o(.rrx_text), (6 bytes).
    Removing delay.o(i.delay_us), (96 bytes).
    Removing sys.o(.rev16_text), (4 bytes).
    Removing sys.o(.revsh_text), (4 bytes).
    Removing sys.o(.rrx_text), (6 bytes).
    Removing sys.o(.emb_text), (16 bytes).
    Removing usart.o(.rev16_text), (4 bytes).
    Removing usart.o(.revsh_text), (4 bytes).
    Removing usart.o(.rrx_text), (6 bytes).
    Removing usart.o(i.fputc), (28 bytes).
    Removing usart.o(.bss), (200 bytes).
    Removing usart.o(.data), (6 bytes).
    Removing led.o(.rev16_text), (4 bytes).
    Removing led.o(.revsh_text), (4 bytes).
    Removing led.o(.rrx_text), (6 bytes).
    Removing led.o(i.LEDToggle), (36 bytes).
    Removing misc.o(.rev16_text), (4 bytes).
    Removing misc.o(.revsh_text), (4 bytes).
    Removing misc.o(.rrx_text), (6 bytes).
    Removing misc.o(i.NVIC_Init), (120 bytes).
    Removing misc.o(i.NVIC_PriorityGroupConfig), (20 bytes).
    Removing misc.o(i.NVIC_SetVectorTable), (20 bytes).
    Removing misc.o(i.NVIC_SystemLPConfig), (32 bytes).
    Removing stm32f4xx_crc.o(.rev16_text), (4 bytes).
    Removing stm32f4xx_crc.o(.revsh_text), (4 bytes).
    Removing stm32f4xx_crc.o(.rrx_text), (6 bytes).
    Removing stm32f4xx_crc.o(i.CRC_CalcBlockCRC), (36 bytes).
    Removing stm32f4xx_crc.o(i.CRC_CalcCRC), (16 bytes).
    Removing stm32f4xx_crc.o(i.CRC_GetCRC), (12 bytes).
    Removing stm32f4xx_crc.o(i.CRC_GetIDRegister), (12 bytes).
    Removing stm32f4xx_crc.o(i.CRC_ResetDR), (12 bytes).
    Removing stm32f4xx_crc.o(i.CRC_SetIDRegister), (12 bytes).
    Removing stm32f4xx_dma.o(.rev16_text), (4 bytes).
    Removing stm32f4xx_dma.o(.revsh_text), (4 bytes).
    Removing stm32f4xx_dma.o(.rrx_text), (6 bytes).
    Removing stm32f4xx_dma.o(i.DMA_ClearFlag), (52 bytes).
    Removing stm32f4xx_dma.o(i.DMA_ClearITPendingBit), (52 bytes).
    Removing stm32f4xx_dma.o(i.DMA_Cmd), (22 bytes).
    Removing stm32f4xx_dma.o(i.DMA_DeInit), (344 bytes).
    Removing stm32f4xx_dma.o(i.DMA_DoubleBufferModeCmd), (22 bytes).
    Removing stm32f4xx_dma.o(i.DMA_DoubleBufferModeConfig), (24 bytes).
    Removing stm32f4xx_dma.o(i.DMA_FlowControllerConfig), (22 bytes).
    Removing stm32f4xx_dma.o(i.DMA_GetCmdStatus), (20 bytes).
    Removing stm32f4xx_dma.o(i.DMA_GetCurrDataCounter), (8 bytes).
    Removing stm32f4xx_dma.o(i.DMA_GetCurrentMemoryTarget), (20 bytes).
    Removing stm32f4xx_dma.o(i.DMA_GetFIFOStatus), (12 bytes).
    Removing stm32f4xx_dma.o(i.DMA_GetFlagStatus), (68 bytes).
    Removing stm32f4xx_dma.o(i.DMA_GetITStatus), (100 bytes).
    Removing stm32f4xx_dma.o(i.DMA_ITConfig), (58 bytes).
    Removing stm32f4xx_dma.o(i.DMA_Init), (88 bytes).
    Removing stm32f4xx_dma.o(i.DMA_MemoryTargetConfig), (10 bytes).
    Removing stm32f4xx_dma.o(i.DMA_PeriphIncOffsetSizeConfig), (22 bytes).
    Removing stm32f4xx_dma.o(i.DMA_SetCurrDataCounter), (4 bytes).
    Removing stm32f4xx_dma.o(i.DMA_StructInit), (34 bytes).
    Removing stm32f4xx_flash.o(.rev16_text), (4 bytes).
    Removing stm32f4xx_flash.o(.revsh_text), (4 bytes).
    Removing stm32f4xx_flash.o(.rrx_text), (6 bytes).
    Removing stm32f4xx_flash.o(i.FLASH_ClearFlag), (12 bytes).
    Removing stm32f4xx_flash.o(i.FLASH_DataCacheCmd), (36 bytes).
    Removing stm32f4xx_flash.o(i.FLASH_DataCacheReset), (20 bytes).
    Removing stm32f4xx_flash.o(i.FLASH_EraseAllBank1Sectors), (108 bytes).
    Removing stm32f4xx_flash.o(i.FLASH_EraseAllBank2Sectors), (108 bytes).
    Removing stm32f4xx_flash.o(i.FLASH_EraseAllSectors), (112 bytes).
    Removing stm32f4xx_flash.o(i.FLASH_EraseSector), (136 bytes).
    Removing stm32f4xx_flash.o(i.FLASH_GetFlagStatus), (24 bytes).
    Removing stm32f4xx_flash.o(i.FLASH_GetStatus), (84 bytes).
    Removing stm32f4xx_flash.o(i.FLASH_ITConfig), (32 bytes).
    Removing stm32f4xx_flash.o(i.FLASH_InstructionCacheCmd), (36 bytes).
    Removing stm32f4xx_flash.o(i.FLASH_InstructionCacheReset), (20 bytes).
    Removing stm32f4xx_flash.o(i.FLASH_Lock), (20 bytes).
    Removing stm32f4xx_flash.o(i.FLASH_OB_BORConfig), (28 bytes).
    Removing stm32f4xx_flash.o(i.FLASH_OB_BootConfig), (28 bytes).
    Removing stm32f4xx_flash.o(i.FLASH_OB_GetBOR), (16 bytes).
    Removing stm32f4xx_flash.o(i.FLASH_OB_GetPCROP), (12 bytes).
    Removing stm32f4xx_flash.o(i.FLASH_OB_GetPCROP1), (12 bytes).
    Removing stm32f4xx_flash.o(i.FLASH_OB_GetRDP), (24 bytes).
    Removing stm32f4xx_flash.o(i.FLASH_OB_GetUser), (16 bytes).
    Removing stm32f4xx_flash.o(i.FLASH_OB_GetWRP), (12 bytes).
    Removing stm32f4xx_flash.o(i.FLASH_OB_GetWRP1), (12 bytes).
    Removing stm32f4xx_flash.o(i.FLASH_OB_Launch), (32 bytes).
    Removing stm32f4xx_flash.o(i.FLASH_OB_Lock), (20 bytes).
    Removing stm32f4xx_flash.o(i.FLASH_OB_PCROP1Config), (52 bytes).
    Removing stm32f4xx_flash.o(i.FLASH_OB_PCROPConfig), (52 bytes).
    Removing stm32f4xx_flash.o(i.FLASH_OB_PCROPSelectionConfig), (24 bytes).
    Removing stm32f4xx_flash.o(i.FLASH_OB_RDPConfig), (28 bytes).
    Removing stm32f4xx_flash.o(i.FLASH_OB_Unlock), (36 bytes).
    Removing stm32f4xx_flash.o(i.FLASH_OB_UserConfig), (48 bytes).
    Removing stm32f4xx_flash.o(i.FLASH_OB_WRP1Config), (52 bytes).
    Removing stm32f4xx_flash.o(i.FLASH_OB_WRPConfig), (52 bytes).
    Removing stm32f4xx_flash.o(i.FLASH_PrefetchBufferCmd), (36 bytes).
    Removing stm32f4xx_flash.o(i.FLASH_ProgramByte), (76 bytes).
    Removing stm32f4xx_flash.o(i.FLASH_ProgramDoubleWord), (84 bytes).
    Removing stm32f4xx_flash.o(i.FLASH_ProgramHalfWord), (80 bytes).
    Removing stm32f4xx_flash.o(i.FLASH_ProgramWord), (80 bytes).
    Removing stm32f4xx_flash.o(i.FLASH_SetLatency), (12 bytes).
    Removing stm32f4xx_flash.o(i.FLASH_Unlock), (36 bytes).
    Removing stm32f4xx_flash.o(i.FLASH_WaitForLastOperation), (34 bytes).
    Removing stm32f4xx_gpio.o(.rev16_text), (4 bytes).
    Removing stm32f4xx_gpio.o(.revsh_text), (4 bytes).
    Removing stm32f4xx_gpio.o(.rrx_text), (6 bytes).
    Removing stm32f4xx_gpio.o(i.GPIO_DeInit), (312 bytes).
    Removing stm32f4xx_gpio.o(i.GPIO_PinAFConfig), (70 bytes).
    Removing stm32f4xx_gpio.o(i.GPIO_PinLockConfig), (34 bytes).
    Removing stm32f4xx_gpio.o(i.GPIO_ReadInputData), (8 bytes).
    Removing stm32f4xx_gpio.o(i.GPIO_ReadInputDataBit), (18 bytes).
    Removing stm32f4xx_gpio.o(i.GPIO_ReadOutputData), (8 bytes).
    Removing stm32f4xx_gpio.o(i.GPIO_ReadOutputDataBit), (18 bytes).
    Removing stm32f4xx_gpio.o(i.GPIO_ResetBits), (4 bytes).
    Removing stm32f4xx_gpio.o(i.GPIO_SetBits), (4 bytes).
    Removing stm32f4xx_gpio.o(i.GPIO_StructInit), (18 bytes).
    Removing stm32f4xx_gpio.o(i.GPIO_ToggleBits), (8 bytes).
    Removing stm32f4xx_gpio.o(i.GPIO_Write), (4 bytes).
    Removing stm32f4xx_gpio.o(i.GPIO_WriteBit), (10 bytes).
    Removing stm32f4xx_iwdg.o(.rev16_text), (4 bytes).
    Removing stm32f4xx_iwdg.o(.revsh_text), (4 bytes).
    Removing stm32f4xx_iwdg.o(.rrx_text), (6 bytes).
    Removing stm32f4xx_iwdg.o(i.IWDG_Enable), (16 bytes).
    Removing stm32f4xx_iwdg.o(i.IWDG_GetFlagStatus), (24 bytes).
    Removing stm32f4xx_iwdg.o(i.IWDG_ReloadCounter), (16 bytes).
    Removing stm32f4xx_iwdg.o(i.IWDG_SetPrescaler), (12 bytes).
    Removing stm32f4xx_iwdg.o(i.IWDG_SetReload), (12 bytes).
    Removing stm32f4xx_iwdg.o(i.IWDG_WriteAccessCmd), (12 bytes).
    Removing stm32f4xx_pwr.o(.rev16_text), (4 bytes).
    Removing stm32f4xx_pwr.o(.revsh_text), (4 bytes).
    Removing stm32f4xx_pwr.o(.rrx_text), (6 bytes).
    Removing stm32f4xx_pwr.o(i.PWR_BackupAccessCmd), (12 bytes).
    Removing stm32f4xx_pwr.o(i.PWR_BackupRegulatorCmd), (12 bytes).
    Removing stm32f4xx_pwr.o(i.PWR_ClearFlag), (2 bytes).
    Removing stm32f4xx_pwr.o(i.PWR_DeInit), (22 bytes).
    Removing stm32f4xx_pwr.o(i.PWR_EnterSTANDBYMode), (40 bytes).
    Removing stm32f4xx_pwr.o(i.PWR_EnterSTOPMode), (68 bytes).
    Removing stm32f4xx_pwr.o(i.PWR_EnterUnderDriveSTOPMode), (68 bytes).
    Removing stm32f4xx_pwr.o(i.PWR_FlashPowerDownCmd), (12 bytes).
    Removing stm32f4xx_pwr.o(i.PWR_GetFlagStatus), (24 bytes).
    Removing stm32f4xx_pwr.o(i.PWR_MainRegulatorModeConfig), (24 bytes).
    Removing stm32f4xx_pwr.o(i.PWR_OverDriveCmd), (12 bytes).
    Removing stm32f4xx_pwr.o(i.PWR_OverDriveSWCmd), (12 bytes).
    Removing stm32f4xx_pwr.o(i.PWR_PVDCmd), (12 bytes).
    Removing stm32f4xx_pwr.o(i.PWR_PVDLevelConfig), (24 bytes).
    Removing stm32f4xx_pwr.o(i.PWR_UnderDriveCmd), (36 bytes).
    Removing stm32f4xx_rcc.o(.rev16_text), (4 bytes).
    Removing stm32f4xx_rcc.o(.revsh_text), (4 bytes).
    Removing stm32f4xx_rcc.o(.rrx_text), (6 bytes).
    Removing stm32f4xx_rcc.o(i.RCC_48MHzClockSourceConfig), (36 bytes).
    Removing stm32f4xx_rcc.o(i.RCC_AHB1PeriphClockLPModeCmd), (32 bytes).
    Removing stm32f4xx_rcc.o(i.RCC_AHB1PeriphResetCmd), (32 bytes).
    Removing stm32f4xx_rcc.o(i.RCC_AHB2PeriphClockCmd), (32 bytes).
    Removing stm32f4xx_rcc.o(i.RCC_AHB2PeriphClockLPModeCmd), (32 bytes).
    Removing stm32f4xx_rcc.o(i.RCC_AHB2PeriphResetCmd), (32 bytes).
    Removing stm32f4xx_rcc.o(i.RCC_AHB3PeriphClockCmd), (32 bytes).
    Removing stm32f4xx_rcc.o(i.RCC_AHB3PeriphClockLPModeCmd), (32 bytes).
    Removing stm32f4xx_rcc.o(i.RCC_AHB3PeriphResetCmd), (32 bytes).
    Removing stm32f4xx_rcc.o(i.RCC_APB1PeriphClockCmd), (32 bytes).
    Removing stm32f4xx_rcc.o(i.RCC_APB1PeriphClockLPModeCmd), (32 bytes).
    Removing stm32f4xx_rcc.o(i.RCC_APB1PeriphResetCmd), (32 bytes).
    Removing stm32f4xx_rcc.o(i.RCC_APB2PeriphClockCmd), (32 bytes).
    Removing stm32f4xx_rcc.o(i.RCC_APB2PeriphClockLPModeCmd), (32 bytes).
    Removing stm32f4xx_rcc.o(i.RCC_APB2PeriphResetCmd), (32 bytes).
    Removing stm32f4xx_rcc.o(i.RCC_AdjustHSICalibrationValue), (24 bytes).
    Removing stm32f4xx_rcc.o(i.RCC_BackupResetCmd), (12 bytes).
    Removing stm32f4xx_rcc.o(i.RCC_ClearFlag), (20 bytes).
    Removing stm32f4xx_rcc.o(i.RCC_ClearITPendingBit), (12 bytes).
    Removing stm32f4xx_rcc.o(i.RCC_ClockSecuritySystemCmd), (12 bytes).
    Removing stm32f4xx_rcc.o(i.RCC_DSIClockSourceConfig), (36 bytes).
    Removing stm32f4xx_rcc.o(i.RCC_DeInit), (100 bytes).
    Removing stm32f4xx_rcc.o(i.RCC_GetClocksFreq), (232 bytes).
    Removing stm32f4xx_rcc.o(i.RCC_GetFlagStatus), (64 bytes).
    Removing stm32f4xx_rcc.o(i.RCC_GetITStatus), (24 bytes).
    Removing stm32f4xx_rcc.o(i.RCC_GetSYSCLKSource), (16 bytes).
    Removing stm32f4xx_rcc.o(i.RCC_HCLKConfig), (24 bytes).
    Removing stm32f4xx_rcc.o(i.RCC_HSEConfig), (16 bytes).
    Removing stm32f4xx_rcc.o(i.RCC_HSICmd), (12 bytes).
    Removing stm32f4xx_rcc.o(i.RCC_I2SCLKConfig), (12 bytes).
    Removing stm32f4xx_rcc.o(i.RCC_ITConfig), (32 bytes).
    Removing stm32f4xx_rcc.o(i.RCC_LSEConfig), (44 bytes).
    Removing stm32f4xx_rcc.o(i.RCC_LSEModeConfig), (36 bytes).
    Removing stm32f4xx_rcc.o(i.RCC_LSICmd), (12 bytes).
    Removing stm32f4xx_rcc.o(i.RCC_LTDCCLKDivConfig), (24 bytes).
    Removing stm32f4xx_rcc.o(i.RCC_MCO1Config), (28 bytes).
    Removing stm32f4xx_rcc.o(i.RCC_MCO2Config), (28 bytes).
    Removing stm32f4xx_rcc.o(i.RCC_PCLK1Config), (24 bytes).
    Removing stm32f4xx_rcc.o(i.RCC_PCLK2Config), (24 bytes).
    Removing stm32f4xx_rcc.o(i.RCC_PLLCmd), (12 bytes).
    Removing stm32f4xx_rcc.o(i.RCC_PLLConfig), (40 bytes).
    Removing stm32f4xx_rcc.o(i.RCC_PLLI2SCmd), (12 bytes).
    Removing stm32f4xx_rcc.o(i.RCC_PLLI2SConfig), (24 bytes).
    Removing stm32f4xx_rcc.o(i.RCC_PLLSAICmd), (12 bytes).
    Removing stm32f4xx_rcc.o(i.RCC_PLLSAIConfig), (32 bytes).
    Removing stm32f4xx_rcc.o(i.RCC_RTCCLKCmd), (12 bytes).
    Removing stm32f4xx_rcc.o(i.RCC_RTCCLKConfig), (60 bytes).
    Removing stm32f4xx_rcc.o(i.RCC_SAIBlockACLKConfig), (24 bytes).
    Removing stm32f4xx_rcc.o(i.RCC_SAIBlockBCLKConfig), (24 bytes).
    Removing stm32f4xx_rcc.o(i.RCC_SAIPLLI2SClkDivConfig), (28 bytes).
    Removing stm32f4xx_rcc.o(i.RCC_SAIPLLSAIClkDivConfig), (28 bytes).
    Removing stm32f4xx_rcc.o(i.RCC_SDIOClockSourceConfig), (36 bytes).
    Removing stm32f4xx_rcc.o(i.RCC_SYSCLKConfig), (24 bytes).
    Removing stm32f4xx_rcc.o(i.RCC_TIMCLKPresConfig), (12 bytes).
    Removing stm32f4xx_rcc.o(i.RCC_WaitForHSEStartUp), (56 bytes).
    Removing stm32f4xx_rcc.o(.data), (16 bytes).
    Removing stm32f4xx_rng.o(.rev16_text), (4 bytes).
    Removing stm32f4xx_rng.o(.revsh_text), (4 bytes).
    Removing stm32f4xx_rng.o(.rrx_text), (6 bytes).
    Removing stm32f4xx_rng.o(i.RNG_ClearFlag), (16 bytes).
    Removing stm32f4xx_rng.o(i.RNG_ClearITPendingBit), (16 bytes).
    Removing stm32f4xx_rng.o(i.RNG_Cmd), (36 bytes).
    Removing stm32f4xx_rng.o(i.RNG_DeInit), (20 bytes).
    Removing stm32f4xx_rng.o(i.RNG_GetFlagStatus), (24 bytes).
    Removing stm32f4xx_rng.o(i.RNG_GetITStatus), (24 bytes).
    Removing stm32f4xx_rng.o(i.RNG_GetRandomNumber), (12 bytes).
    Removing stm32f4xx_rng.o(i.RNG_ITConfig), (36 bytes).
    Removing stm32f4xx_rtc.o(.rev16_text), (4 bytes).
    Removing stm32f4xx_rtc.o(.revsh_text), (4 bytes).
    Removing stm32f4xx_rtc.o(.rrx_text), (6 bytes).
    Removing stm32f4xx_rtc.o(i.RTC_AlarmCmd), (116 bytes).
    Removing stm32f4xx_rtc.o(i.RTC_AlarmStructInit), (22 bytes).
    Removing stm32f4xx_rtc.o(i.RTC_AlarmSubSecondConfig), (52 bytes).
    Removing stm32f4xx_rtc.o(i.RTC_Bcd2ToByte), (22 bytes).
    Removing stm32f4xx_rtc.o(i.RTC_BypassShadowCmd), (60 bytes).
    Removing stm32f4xx_rtc.o(i.RTC_ByteToBcd2), (28 bytes).
    Removing stm32f4xx_rtc.o(i.RTC_CalibOutputCmd), (60 bytes).
    Removing stm32f4xx_rtc.o(i.RTC_CalibOutputConfig), (48 bytes).
    Removing stm32f4xx_rtc.o(i.RTC_ClearFlag), (28 bytes).
    Removing stm32f4xx_rtc.o(i.RTC_ClearITPendingBit), (32 bytes).
    Removing stm32f4xx_rtc.o(i.RTC_CoarseCalibCmd), (80 bytes).
    Removing stm32f4xx_rtc.o(i.RTC_CoarseCalibConfig), (56 bytes).
    Removing stm32f4xx_rtc.o(i.RTC_DateStructInit), (14 bytes).
    Removing stm32f4xx_rtc.o(i.RTC_DayLightSavingConfig), (56 bytes).
    Removing stm32f4xx_rtc.o(i.RTC_DeInit), (212 bytes).
    Removing stm32f4xx_rtc.o(i.RTC_EnterInitMode), (80 bytes).
    Removing stm32f4xx_rtc.o(i.RTC_ExitInitMode), (20 bytes).
    Removing stm32f4xx_rtc.o(i.RTC_GetAlarm), (116 bytes).
    Removing stm32f4xx_rtc.o(i.RTC_GetAlarmSubSecond), (36 bytes).
    Removing stm32f4xx_rtc.o(i.RTC_GetDate), (76 bytes).
    Removing stm32f4xx_rtc.o(i.RTC_GetFlagStatus), (40 bytes).
    Removing stm32f4xx_rtc.o(i.RTC_GetITStatus), (68 bytes).
    Removing stm32f4xx_rtc.o(i.RTC_GetStoreOperation), (16 bytes).
    Removing stm32f4xx_rtc.o(i.RTC_GetSubSecond), (20 bytes).
    Removing stm32f4xx_rtc.o(i.RTC_GetTime), (80 bytes).
    Removing stm32f4xx_rtc.o(i.RTC_GetTimeStamp), (156 bytes).
    Removing stm32f4xx_rtc.o(i.RTC_GetTimeStampSubSecond), (12 bytes).
    Removing stm32f4xx_rtc.o(i.RTC_GetWakeUpCounter), (12 bytes).
    Removing stm32f4xx_rtc.o(i.RTC_ITConfig), (100 bytes).
    Removing stm32f4xx_rtc.o(i.RTC_Init), (100 bytes).
    Removing stm32f4xx_rtc.o(i.RTC_OutputConfig), (56 bytes).
    Removing stm32f4xx_rtc.o(i.RTC_OutputTypeConfig), (28 bytes).
    Removing stm32f4xx_rtc.o(i.RTC_ReadBackupRegister), (32 bytes).
    Removing stm32f4xx_rtc.o(i.RTC_RefClockCmd), (80 bytes).
    Removing stm32f4xx_rtc.o(i.RTC_SetAlarm), (236 bytes).
    Removing stm32f4xx_rtc.o(i.RTC_SetDate), (200 bytes).
    Removing stm32f4xx_rtc.o(i.RTC_SetTime), (208 bytes).
    Removing stm32f4xx_rtc.o(i.RTC_SetWakeUpCounter), (28 bytes).
    Removing stm32f4xx_rtc.o(i.RTC_SmoothCalibConfig), (96 bytes).
    Removing stm32f4xx_rtc.o(i.RTC_StructInit), (14 bytes).
    Removing stm32f4xx_rtc.o(i.RTC_SynchroShiftConfig), (124 bytes).
    Removing stm32f4xx_rtc.o(i.RTC_TamperCmd), (32 bytes).
    Removing stm32f4xx_rtc.o(i.RTC_TamperFilterConfig), (28 bytes).
    Removing stm32f4xx_rtc.o(i.RTC_TamperPinSelection), (28 bytes).
    Removing stm32f4xx_rtc.o(i.RTC_TamperPinsPrechargeDuration), (28 bytes).
    Removing stm32f4xx_rtc.o(i.RTC_TamperPullUpCmd), (36 bytes).
    Removing stm32f4xx_rtc.o(i.RTC_TamperSamplingFreqConfig), (28 bytes).
    Removing stm32f4xx_rtc.o(i.RTC_TamperTriggerConfig), (36 bytes).
    Removing stm32f4xx_rtc.o(i.RTC_TimeStampCmd), (56 bytes).
    Removing stm32f4xx_rtc.o(i.RTC_TimeStampOnTamperDetectionCmd), (36 bytes).
    Removing stm32f4xx_rtc.o(i.RTC_TimeStampPinSelection), (28 bytes).
    Removing stm32f4xx_rtc.o(i.RTC_TimeStructInit), (12 bytes).
    Removing stm32f4xx_rtc.o(i.RTC_WaitForSynchro), (96 bytes).
    Removing stm32f4xx_rtc.o(i.RTC_WakeUpClockConfig), (48 bytes).
    Removing stm32f4xx_rtc.o(i.RTC_WakeUpCmd), (120 bytes).
    Removing stm32f4xx_rtc.o(i.RTC_WriteBackupRegister), (28 bytes).
    Removing stm32f4xx_rtc.o(i.RTC_WriteProtectionCmd), (28 bytes).
    Removing stm32f4xx_sai.o(.rev16_text), (4 bytes).
    Removing stm32f4xx_sai.o(.revsh_text), (4 bytes).
    Removing stm32f4xx_sai.o(.rrx_text), (6 bytes).
    Removing stm32f4xx_sai.o(i.SAI_BlockSynchroConfig), (44 bytes).
    Removing stm32f4xx_sai.o(i.SAI_ClearFlag), (8 bytes).
    Removing stm32f4xx_sai.o(i.SAI_ClearITPendingBit), (8 bytes).
    Removing stm32f4xx_sai.o(i.SAI_Cmd), (22 bytes).
    Removing stm32f4xx_sai.o(i.SAI_CompandingModeConfig), (16 bytes).
    Removing stm32f4xx_sai.o(i.SAI_DMACmd), (22 bytes).
    Removing stm32f4xx_sai.o(i.SAI_DeInit), (36 bytes).
    Removing stm32f4xx_sai.o(i.SAI_FlushFIFO), (10 bytes).
    Removing stm32f4xx_sai.o(i.SAI_FrameInit), (44 bytes).
    Removing stm32f4xx_sai.o(i.SAI_FrameStructInit), (18 bytes).
    Removing stm32f4xx_sai.o(i.SAI_GetCmdStatus), (20 bytes).
    Removing stm32f4xx_sai.o(i.SAI_GetFIFOStatus), (12 bytes).
    Removing stm32f4xx_sai.o(i.SAI_GetFlagStatus), (18 bytes).
    Removing stm32f4xx_sai.o(i.SAI_GetITStatus), (30 bytes).
    Removing stm32f4xx_sai.o(i.SAI_ITConfig), (18 bytes).
    Removing stm32f4xx_sai.o(i.SAI_Init), (76 bytes).
    Removing stm32f4xx_sai.o(i.SAI_MonoModeConfig), (18 bytes).
    Removing stm32f4xx_sai.o(i.SAI_MuteFrameCounterConfig), (18 bytes).
    Removing stm32f4xx_sai.o(i.SAI_MuteModeCmd), (22 bytes).
    Removing stm32f4xx_sai.o(i.SAI_MuteValueConfig), (16 bytes).
    Removing stm32f4xx_sai.o(i.SAI_ReceiveData), (6 bytes).
    Removing stm32f4xx_sai.o(i.SAI_SendData), (4 bytes).
    Removing stm32f4xx_sai.o(i.SAI_SlotInit), (36 bytes).
    Removing stm32f4xx_sai.o(i.SAI_SlotStructInit), (16 bytes).
    Removing stm32f4xx_sai.o(i.SAI_StructInit), (30 bytes).
    Removing stm32f4xx_sai.o(i.SAI_TRIStateConfig), (18 bytes).
    Removing stm32f4xx_syscfg.o(.rev16_text), (4 bytes).
    Removing stm32f4xx_syscfg.o(.revsh_text), (4 bytes).
    Removing stm32f4xx_syscfg.o(.rrx_text), (6 bytes).
    Removing stm32f4xx_syscfg.o(i.SYSCFG_CompensationCellCmd), (12 bytes).
    Removing stm32f4xx_syscfg.o(i.SYSCFG_DeInit), (22 bytes).
    Removing stm32f4xx_syscfg.o(i.SYSCFG_ETH_MediaInterfaceConfig), (12 bytes).
    Removing stm32f4xx_syscfg.o(i.SYSCFG_EXTILineConfig), (64 bytes).
    Removing stm32f4xx_syscfg.o(i.SYSCFG_GetCompensationCellStatus), (24 bytes).
    Removing stm32f4xx_syscfg.o(i.SYSCFG_MemoryRemapConfig), (12 bytes).
    Removing stm32f4xx_syscfg.o(i.SYSCFG_MemorySwappingBank), (12 bytes).
    Removing stm32f4xx_tim.o(.rev16_text), (4 bytes).
    Removing stm32f4xx_tim.o(.revsh_text), (4 bytes).
    Removing stm32f4xx_tim.o(.rrx_text), (6 bytes).
    Removing stm32f4xx_tim.o(i.TI1_Config), (58 bytes).
    Removing stm32f4xx_tim.o(i.TI2_Config), (80 bytes).
    Removing stm32f4xx_tim.o(i.TI3_Config), (72 bytes).
    Removing stm32f4xx_tim.o(i.TI4_Config), (80 bytes).
    Removing stm32f4xx_tim.o(i.TIM_ARRPreloadConfig), (24 bytes).
    Removing stm32f4xx_tim.o(i.TIM_BDTRConfig), (32 bytes).
    Removing stm32f4xx_tim.o(i.TIM_BDTRStructInit), (18 bytes).
    Removing stm32f4xx_tim.o(i.TIM_CCPreloadControl), (24 bytes).
    Removing stm32f4xx_tim.o(i.TIM_CCxCmd), (30 bytes).
    Removing stm32f4xx_tim.o(i.TIM_CCxNCmd), (30 bytes).
    Removing stm32f4xx_tim.o(i.TIM_ClearFlag), (6 bytes).
    Removing stm32f4xx_tim.o(i.TIM_ClearITPendingBit), (6 bytes).
    Removing stm32f4xx_tim.o(i.TIM_ClearOC1Ref), (18 bytes).
    Removing stm32f4xx_tim.o(i.TIM_ClearOC2Ref), (24 bytes).
    Removing stm32f4xx_tim.o(i.TIM_ClearOC3Ref), (18 bytes).
    Removing stm32f4xx_tim.o(i.TIM_ClearOC4Ref), (24 bytes).
    Removing stm32f4xx_tim.o(i.TIM_Cmd), (24 bytes).
    Removing stm32f4xx_tim.o(i.TIM_CounterModeConfig), (18 bytes).
    Removing stm32f4xx_tim.o(i.TIM_CtrlPWMOutputs), (30 bytes).
    Removing stm32f4xx_tim.o(i.TIM_DMACmd), (18 bytes).
    Removing stm32f4xx_tim.o(i.TIM_DMAConfig), (10 bytes).
    Removing stm32f4xx_tim.o(i.TIM_DeInit), (400 bytes).
    Removing stm32f4xx_tim.o(i.TIM_ETRClockMode1Config), (54 bytes).
    Removing stm32f4xx_tim.o(i.TIM_ETRClockMode2Config), (32 bytes).
    Removing stm32f4xx_tim.o(i.TIM_ETRConfig), (28 bytes).
    Removing stm32f4xx_tim.o(i.TIM_EncoderInterfaceConfig), (66 bytes).
    Removing stm32f4xx_tim.o(i.TIM_ForcedOC1Config), (18 bytes).
    Removing stm32f4xx_tim.o(i.TIM_ForcedOC2Config), (26 bytes).
    Removing stm32f4xx_tim.o(i.TIM_ForcedOC3Config), (18 bytes).
    Removing stm32f4xx_tim.o(i.TIM_ForcedOC4Config), (26 bytes).
    Removing stm32f4xx_tim.o(i.TIM_GenerateEvent), (4 bytes).
    Removing stm32f4xx_tim.o(i.TIM_GetCapture1), (6 bytes).
    Removing stm32f4xx_tim.o(i.TIM_GetCapture2), (6 bytes).
    Removing stm32f4xx_tim.o(i.TIM_GetCapture3), (6 bytes).
    Removing stm32f4xx_tim.o(i.TIM_GetCapture4), (6 bytes).
    Removing stm32f4xx_tim.o(i.TIM_GetCounter), (6 bytes).
    Removing stm32f4xx_tim.o(i.TIM_GetFlagStatus), (18 bytes).
    Removing stm32f4xx_tim.o(i.TIM_GetITStatus), (34 bytes).
    Removing stm32f4xx_tim.o(i.TIM_GetPrescaler), (6 bytes).
    Removing stm32f4xx_tim.o(i.TIM_ICInit), (110 bytes).
    Removing stm32f4xx_tim.o(i.TIM_ICStructInit), (18 bytes).
    Removing stm32f4xx_tim.o(i.TIM_ITConfig), (18 bytes).
    Removing stm32f4xx_tim.o(i.TIM_ITRxExternalClockConfig), (24 bytes).
    Removing stm32f4xx_tim.o(i.TIM_InternalClockConfig), (12 bytes).
    Removing stm32f4xx_tim.o(i.TIM_OC1FastConfig), (18 bytes).
    Removing stm32f4xx_tim.o(i.TIM_OC1Init), (124 bytes).
    Removing stm32f4xx_tim.o(i.TIM_OC1NPolarityConfig), (18 bytes).
    Removing stm32f4xx_tim.o(i.TIM_OC1PolarityConfig), (18 bytes).
    Removing stm32f4xx_tim.o(i.TIM_OC1PreloadConfig), (18 bytes).
    Removing stm32f4xx_tim.o(i.TIM_OC2FastConfig), (26 bytes).
    Removing stm32f4xx_tim.o(i.TIM_OC2Init), (164 bytes).
    Removing stm32f4xx_tim.o(i.TIM_OC2NPolarityConfig), (26 bytes).
    Removing stm32f4xx_tim.o(i.TIM_OC2PolarityConfig), (26 bytes).
    Removing stm32f4xx_tim.o(i.TIM_OC2PreloadConfig), (26 bytes).
    Removing stm32f4xx_tim.o(i.TIM_OC3FastConfig), (18 bytes).
    Removing stm32f4xx_tim.o(i.TIM_OC3Init), (160 bytes).
    Removing stm32f4xx_tim.o(i.TIM_OC3NPolarityConfig), (26 bytes).
    Removing stm32f4xx_tim.o(i.TIM_OC3PolarityConfig), (26 bytes).
    Removing stm32f4xx_tim.o(i.TIM_OC3PreloadConfig), (18 bytes).
    Removing stm32f4xx_tim.o(i.TIM_OC4FastConfig), (26 bytes).
    Removing stm32f4xx_tim.o(i.TIM_OC4Init), (120 bytes).
    Removing stm32f4xx_tim.o(i.TIM_OC4PolarityConfig), (26 bytes).
    Removing stm32f4xx_tim.o(i.TIM_OC4PreloadConfig), (26 bytes).
    Removing stm32f4xx_tim.o(i.TIM_OCStructInit), (20 bytes).
    Removing stm32f4xx_tim.o(i.TIM_PWMIConfig), (124 bytes).
    Removing stm32f4xx_tim.o(i.TIM_PrescalerConfig), (6 bytes).
    Removing stm32f4xx_tim.o(i.TIM_RemapConfig), (6 bytes).
    Removing stm32f4xx_tim.o(i.TIM_SelectCCDMA), (24 bytes).
    Removing stm32f4xx_tim.o(i.TIM_SelectCOM), (24 bytes).
    Removing stm32f4xx_tim.o(i.TIM_SelectHallSensor), (24 bytes).
    Removing stm32f4xx_tim.o(i.TIM_SelectInputTrigger), (18 bytes).
    Removing stm32f4xx_tim.o(i.TIM_SelectMasterSlaveMode), (18 bytes).
    Removing stm32f4xx_tim.o(i.TIM_SelectOCxM), (86 bytes).
    Removing stm32f4xx_tim.o(i.TIM_SelectOnePulseMode), (18 bytes).
    Removing stm32f4xx_tim.o(i.TIM_SelectOutputTrigger), (18 bytes).
    Removing stm32f4xx_tim.o(i.TIM_SelectSlaveMode), (18 bytes).
    Removing stm32f4xx_tim.o(i.TIM_SetAutoreload), (4 bytes).
    Removing stm32f4xx_tim.o(i.TIM_SetClockDivision), (18 bytes).
    Removing stm32f4xx_tim.o(i.TIM_SetCompare1), (4 bytes).
    Removing stm32f4xx_tim.o(i.TIM_SetCompare2), (4 bytes).
    Removing stm32f4xx_tim.o(i.TIM_SetCompare3), (4 bytes).
    Removing stm32f4xx_tim.o(i.TIM_SetCompare4), (4 bytes).
    Removing stm32f4xx_tim.o(i.TIM_SetCounter), (4 bytes).
    Removing stm32f4xx_tim.o(i.TIM_SetIC1Prescaler), (18 bytes).
    Removing stm32f4xx_tim.o(i.TIM_SetIC2Prescaler), (26 bytes).
    Removing stm32f4xx_tim.o(i.TIM_SetIC3Prescaler), (18 bytes).
    Removing stm32f4xx_tim.o(i.TIM_SetIC4Prescaler), (26 bytes).
    Removing stm32f4xx_tim.o(i.TIM_TIxExternalClockConfig), (62 bytes).
    Removing stm32f4xx_tim.o(i.TIM_TimeBaseInit), (132 bytes).
    Removing stm32f4xx_tim.o(i.TIM_TimeBaseStructInit), (18 bytes).
    Removing stm32f4xx_tim.o(i.TIM_UpdateDisableConfig), (24 bytes).
    Removing stm32f4xx_tim.o(i.TIM_UpdateRequestConfig), (24 bytes).
    Removing system_stm32f4xx.o(.rev16_text), (4 bytes).
    Removing system_stm32f4xx.o(.revsh_text), (4 bytes).
    Removing system_stm32f4xx.o(.rrx_text), (6 bytes).
    Removing system_stm32f4xx.o(i.SystemCoreClockUpdate), (192 bytes).
    Removing system_stm32f4xx.o(.data), (20 bytes).

417 unused section(s) (total 14488 bytes) removed from the image.

==============================================================================

Image Symbol Table

    Local Symbols

    Symbol Name                              Value     Ov Type        Size  Object(Section)

    ../clib/angel/boardlib.s                 0x00000000   Number         0  boardinit1.o ABSOLUTE
    ../clib/angel/boardlib.s                 0x00000000   Number         0  boardinit2.o ABSOLUTE
    ../clib/angel/boardlib.s                 0x00000000   Number         0  boardinit3.o ABSOLUTE
    ../clib/angel/boardlib.s                 0x00000000   Number         0  boardshut.o ABSOLUTE
    ../clib/angel/handlers.s                 0x00000000   Number         0  __scatter_zi.o ABSOLUTE
    ../clib/angel/handlers.s                 0x00000000   Number         0  __scatter_copy.o ABSOLUTE
    ../clib/angel/kernel.s                   0x00000000   Number         0  __rtentry.o ABSOLUTE
    ../clib/angel/kernel.s                   0x00000000   Number         0  __rtentry4.o ABSOLUTE
    ../clib/angel/kernel.s                   0x00000000   Number         0  rtexit2.o ABSOLUTE
    ../clib/angel/kernel.s                   0x00000000   Number         0  __rtentry2.o ABSOLUTE
    ../clib/angel/kernel.s                   0x00000000   Number         0  rtexit.o ABSOLUTE
    ../clib/angel/rt.s                       0x00000000   Number         0  rt_raise.o ABSOLUTE
    ../clib/angel/scatter.s                  0x00000000   Number         0  __scatter.o ABSOLUTE
    ../clib/angel/startup.s                  0x00000000   Number         0  __main.o ABSOLUTE
    ../clib/angel/sys.s                      0x00000000   Number         0  libspace.o ABSOLUTE
    ../clib/angel/sys.s                      0x00000000   Number         0  use_no_semi_2.o ABSOLUTE
    ../clib/angel/sys.s                      0x00000000   Number         0  indicate_semi.o ABSOLUTE
    ../clib/angel/sys.s                      0x00000000   Number         0  use_no_semi.o ABSOLUTE
    ../clib/angel/sys.s                      0x00000000   Number         0  sys_stackheap_outer.o ABSOLUTE
    ../clib/angel/sysapp.c                   0x00000000   Number         0  sys_wrch.o ABSOLUTE
    ../clib/angel/sysapp.c                   0x00000000   Number         0  sys_command.o ABSOLUTE
    ../clib/armsys.c                         0x00000000   Number         0  _get_argv_nomalloc.o ABSOLUTE
    ../clib/armsys.c                         0x00000000   Number         0  argv_veneer.o ABSOLUTE
    ../clib/armsys.c                         0x00000000   Number         0  argv_veneer.o ABSOLUTE
    ../clib/armsys.c                         0x00000000   Number         0  no_argv.o ABSOLUTE
    ../clib/heapalloc.c                      0x00000000   Number         0  hrguard.o ABSOLUTE
    ../clib/heapaux.c                        0x00000000   Number         0  heapauxi.o ABSOLUTE
    ../clib/libinit.s                        0x00000000   Number         0  libshutdown2.o ABSOLUTE
    ../clib/libinit.s                        0x00000000   Number         0  libinit.o ABSOLUTE
    ../clib/libinit.s                        0x00000000   Number         0  libinit2.o ABSOLUTE
    ../clib/libinit.s                        0x00000000   Number         0  libshutdown.o ABSOLUTE
    ../clib/signal.c                         0x00000000   Number         0  __raise.o ABSOLUTE
    ../clib/signal.c                         0x00000000   Number         0  defsig_rtmem_outer.o ABSOLUTE
    ../clib/signal.c                         0x00000000   Number         0  defsig_exit.o ABSOLUTE
    ../clib/signal.c                         0x00000000   Number         0  defsig_general.o ABSOLUTE
    ../clib/signal.c                         0x00000000   Number         0  defsig_rtmem_inner.o ABSOLUTE
    ../clib/signal.c                         0x00000000   Number         0  defsig_rtmem_formal.o ABSOLUTE
    ../clib/signal.c                         0x00000000   Number         0  defsig_rtred_inner.o ABSOLUTE
    ../clib/signal.c                         0x00000000   Number         0  defsig_abrt_inner.o ABSOLUTE
    ../clib/signal.c                         0x00000000   Number         0  defsig_fpe_inner.o ABSOLUTE
    ../clib/signal.c                         0x00000000   Number         0  defsig_pvfn_inner.o ABSOLUTE
    ../clib/signal.c                         0x00000000   Number         0  defsig_cppl_inner.o ABSOLUTE
    ../clib/signal.c                         0x00000000   Number         0  defsig_segv_inner.o ABSOLUTE
    ../clib/signal.c                         0x00000000   Number         0  defsig_other.o ABSOLUTE
    ../clib/signal.c                         0x00000000   Number         0  defsig_stak_inner.o ABSOLUTE
    ../clib/signal.s                         0x00000000   Number         0  defsig.o ABSOLUTE
    ../clib/stdlib.c                         0x00000000   Number         0  exit.o ABSOLUTE
    ../fplib/d2f.s                           0x00000000   Number         0  d2f.o ABSOLUTE
    ../fplib/ddiv.s                          0x00000000   Number         0  ddiv.o ABSOLUTE
    ../fplib/dflt.s                          0x00000000   Number         0  dflt_clz.o ABSOLUTE
    ../fplib/dnaninf.s                       0x00000000   Number         0  dnaninf.o ABSOLUTE
    ../fplib/dretinf.s                       0x00000000   Number         0  dretinf.o ABSOLUTE
    ../fplib/fpinit.s                        0x00000000   Number         0  fpinit.o ABSOLUTE
    ../fplib/fretinf.s                       0x00000000   Number         0  fretinf.o ABSOLUTE
    ../fplib/usenofp.s                       0x00000000   Number         0  usenofp.o ABSOLUTE
    ..\HARDWARE\led.c                        0x00000000   Number         0  led.o ABSOLUTE
    ..\LIB\CMSIS\Device\ST\STM32F4xx\Include\system_stm32f4xx.c 0x00000000   Number         0  system_stm32f4xx.o ABSOLUTE
    ..\LIB\CMSIS\Device\ST\STM32F4xx\Source\Templates\arm\startup_stm32f469_479xx.s 0x00000000   Number         0  startup_stm32f469_479xx.o ABSOLUTE
    ..\LIB\STM32F4xx_StdPeriph_Driver\src\misc.c 0x00000000   Number         0  misc.o ABSOLUTE
    ..\LIB\STM32F4xx_StdPeriph_Driver\src\stm32f4xx_crc.c 0x00000000   Number         0  stm32f4xx_crc.o ABSOLUTE
    ..\LIB\STM32F4xx_StdPeriph_Driver\src\stm32f4xx_dma.c 0x00000000   Number         0  stm32f4xx_dma.o ABSOLUTE
    ..\LIB\STM32F4xx_StdPeriph_Driver\src\stm32f4xx_flash.c 0x00000000   Number         0  stm32f4xx_flash.o ABSOLUTE
    ..\LIB\STM32F4xx_StdPeriph_Driver\src\stm32f4xx_gpio.c 0x00000000   Number         0  stm32f4xx_gpio.o ABSOLUTE
    ..\LIB\STM32F4xx_StdPeriph_Driver\src\stm32f4xx_iwdg.c 0x00000000   Number         0  stm32f4xx_iwdg.o ABSOLUTE
    ..\LIB\STM32F4xx_StdPeriph_Driver\src\stm32f4xx_pwr.c 0x00000000   Number         0  stm32f4xx_pwr.o ABSOLUTE
    ..\LIB\STM32F4xx_StdPeriph_Driver\src\stm32f4xx_rcc.c 0x00000000   Number         0  stm32f4xx_rcc.o ABSOLUTE
    ..\LIB\STM32F4xx_StdPeriph_Driver\src\stm32f4xx_rng.c 0x00000000   Number         0  stm32f4xx_rng.o ABSOLUTE
    ..\LIB\STM32F4xx_StdPeriph_Driver\src\stm32f4xx_rtc.c 0x00000000   Number         0  stm32f4xx_rtc.o ABSOLUTE
    ..\LIB\STM32F4xx_StdPeriph_Driver\src\stm32f4xx_sai.c 0x00000000   Number         0  stm32f4xx_sai.o ABSOLUTE
    ..\LIB\STM32F4xx_StdPeriph_Driver\src\stm32f4xx_syscfg.c 0x00000000   Number         0  stm32f4xx_syscfg.o ABSOLUTE
    ..\LIB\STM32F4xx_StdPeriph_Driver\src\stm32f4xx_tim.c 0x00000000   Number         0  stm32f4xx_tim.o ABSOLUTE
    ..\SYSTEM\delay\delay.c                  0x00000000   Number         0  delay.o ABSOLUTE
    ..\SYSTEM\sys\sys.c                      0x00000000   Number         0  sys.o ABSOLUTE
    ..\SYSTEM\usart\usart.c                  0x00000000   Number         0  usart.o ABSOLUTE
    ..\USER\main.c                           0x00000000   Number         0  main.o ABSOLUTE
    ..\USER\stm32f4xx_it.c                   0x00000000   Number         0  stm32f4xx_it.o ABSOLUTE
    ..\\HARDWARE\\led.c                      0x00000000   Number         0  led.o ABSOLUTE
    ..\\LIB\\CMSIS\\Device\\ST\\STM32F4xx\\Include\\system_stm32f4xx.c 0x00000000   Number         0  system_stm32f4xx.o ABSOLUTE
    ..\\LIB\\STM32F4xx_StdPeriph_Driver\\src\\misc.c 0x00000000   Number         0  misc.o ABSOLUTE
    ..\\LIB\\STM32F4xx_StdPeriph_Driver\\src\\stm32f4xx_crc.c 0x00000000   Number         0  stm32f4xx_crc.o ABSOLUTE
    ..\\LIB\\STM32F4xx_StdPeriph_Driver\\src\\stm32f4xx_dma.c 0x00000000   Number         0  stm32f4xx_dma.o ABSOLUTE
    ..\\LIB\\STM32F4xx_StdPeriph_Driver\\src\\stm32f4xx_flash.c 0x00000000   Number         0  stm32f4xx_flash.o ABSOLUTE
    ..\\LIB\\STM32F4xx_StdPeriph_Driver\\src\\stm32f4xx_gpio.c 0x00000000   Number         0  stm32f4xx_gpio.o ABSOLUTE
    ..\\LIB\\STM32F4xx_StdPeriph_Driver\\src\\stm32f4xx_iwdg.c 0x00000000   Number         0  stm32f4xx_iwdg.o ABSOLUTE
    ..\\LIB\\STM32F4xx_StdPeriph_Driver\\src\\stm32f4xx_pwr.c 0x00000000   Number         0  stm32f4xx_pwr.o ABSOLUTE
    ..\\LIB\\STM32F4xx_StdPeriph_Driver\\src\\stm32f4xx_rcc.c 0x00000000   Number         0  stm32f4xx_rcc.o ABSOLUTE
    ..\\LIB\\STM32F4xx_StdPeriph_Driver\\src\\stm32f4xx_rng.c 0x00000000   Number         0  stm32f4xx_rng.o ABSOLUTE
    ..\\LIB\\STM32F4xx_StdPeriph_Driver\\src\\stm32f4xx_rtc.c 0x00000000   Number         0  stm32f4xx_rtc.o ABSOLUTE
    ..\\LIB\\STM32F4xx_StdPeriph_Driver\\src\\stm32f4xx_sai.c 0x00000000   Number         0  stm32f4xx_sai.o ABSOLUTE
    ..\\LIB\\STM32F4xx_StdPeriph_Driver\\src\\stm32f4xx_syscfg.c 0x00000000   Number         0  stm32f4xx_syscfg.o ABSOLUTE
    ..\\LIB\\STM32F4xx_StdPeriph_Driver\\src\\stm32f4xx_tim.c 0x00000000   Number         0  stm32f4xx_tim.o ABSOLUTE
    ..\\SYSTEM\\delay\\delay.c               0x00000000   Number         0  delay.o ABSOLUTE
    ..\\SYSTEM\\sys\\sys.c                   0x00000000   Number         0  sys.o ABSOLUTE
    ..\\SYSTEM\\usart\\usart.c               0x00000000   Number         0  usart.o ABSOLUTE
    ..\\USER\\main.c                         0x00000000   Number         0  main.o ABSOLUTE
    ..\\USER\\stm32f4xx_it.c                 0x00000000   Number         0  stm32f4xx_it.o ABSOLUTE
    dc.s                                     0x00000000   Number         0  dc.o ABSOLUTE
    RESET                                    0x08000000   Section      436  startup_stm32f469_479xx.o(RESET)
    !!!main                                  0x080001b4   Section        8  __main.o(!!!main)
    !!!scatter                               0x080001bc   Section       52  __scatter.o(!!!scatter)
    !!handler_copy                           0x080001f0   Section       26  __scatter_copy.o(!!handler_copy)
    !!handler_zi                             0x0800020c   Section       28  __scatter_zi.o(!!handler_zi)
    .ARM.Collect$$libinit$$00000000          0x08000228   Section        2  libinit.o(.ARM.Collect$$libinit$$00000000)
    .ARM.Collect$$libinit$$00000001          0x0800022a   Section        4  libinit2.o(.ARM.Collect$$libinit$$00000001)
    .ARM.Collect$$libinit$$00000004          0x0800022e   Section        0  libinit2.o(.ARM.Collect$$libinit$$00000004)
    .ARM.Collect$$libinit$$0000000A          0x0800022e   Section        0  libinit2.o(.ARM.Collect$$libinit$$0000000A)
    .ARM.Collect$$libinit$$0000000C          0x0800022e   Section        0  libinit2.o(.ARM.Collect$$libinit$$0000000C)
    .ARM.Collect$$libinit$$0000000E          0x0800022e   Section        0  libinit2.o(.ARM.Collect$$libinit$$0000000E)
    .ARM.Collect$$libinit$$00000011          0x0800022e   Section        0  libinit2.o(.ARM.Collect$$libinit$$00000011)
    .ARM.Collect$$libinit$$00000013          0x0800022e   Section        0  libinit2.o(.ARM.Collect$$libinit$$00000013)
    .ARM.Collect$$libinit$$00000015          0x0800022e   Section        0  libinit2.o(.ARM.Collect$$libinit$$00000015)
    .ARM.Collect$$libinit$$00000017          0x0800022e   Section        0  libinit2.o(.ARM.Collect$$libinit$$00000017)
    .ARM.Collect$$libinit$$00000019          0x0800022e   Section        0  libinit2.o(.ARM.Collect$$libinit$$00000019)
    .ARM.Collect$$libinit$$0000001B          0x0800022e   Section        0  libinit2.o(.ARM.Collect$$libinit$$0000001B)
    .ARM.Collect$$libinit$$0000001D          0x0800022e   Section        0  libinit2.o(.ARM.Collect$$libinit$$0000001D)
    .ARM.Collect$$libinit$$0000001F          0x0800022e   Section        0  libinit2.o(.ARM.Collect$$libinit$$0000001F)
    .ARM.Collect$$libinit$$00000021          0x0800022e   Section        0  libinit2.o(.ARM.Collect$$libinit$$00000021)
    .ARM.Collect$$libinit$$00000023          0x0800022e   Section        0  libinit2.o(.ARM.Collect$$libinit$$00000023)
    .ARM.Collect$$libinit$$00000025          0x0800022e   Section        0  libinit2.o(.ARM.Collect$$libinit$$00000025)
    .ARM.Collect$$libinit$$0000002C          0x0800022e   Section        0  libinit2.o(.ARM.Collect$$libinit$$0000002C)
    .ARM.Collect$$libinit$$0000002E          0x0800022e   Section        0  libinit2.o(.ARM.Collect$$libinit$$0000002E)
    .ARM.Collect$$libinit$$00000030          0x0800022e   Section        0  libinit2.o(.ARM.Collect$$libinit$$00000030)
    .ARM.Collect$$libinit$$00000032          0x0800022e   Section        0  libinit2.o(.ARM.Collect$$libinit$$00000032)
    .ARM.Collect$$libinit$$00000033          0x0800022e   Section        2  libinit2.o(.ARM.Collect$$libinit$$00000033)
    .ARM.Collect$$libshutdown$$00000000      0x08000230   Section        2  libshutdown.o(.ARM.Collect$$libshutdown$$00000000)
    .ARM.Collect$$libshutdown$$00000002      0x08000232   Section        0  libshutdown2.o(.ARM.Collect$$libshutdown$$00000002)
    .ARM.Collect$$libshutdown$$00000004      0x08000232   Section        0  libshutdown2.o(.ARM.Collect$$libshutdown$$00000004)
    .ARM.Collect$$libshutdown$$00000007      0x08000232   Section        0  libshutdown2.o(.ARM.Collect$$libshutdown$$00000007)
    .ARM.Collect$$libshutdown$$0000000A      0x08000232   Section        0  libshutdown2.o(.ARM.Collect$$libshutdown$$0000000A)
    .ARM.Collect$$libshutdown$$0000000C      0x08000232   Section        0  libshutdown2.o(.ARM.Collect$$libshutdown$$0000000C)
    .ARM.Collect$$libshutdown$$0000000F      0x08000232   Section        0  libshutdown2.o(.ARM.Collect$$libshutdown$$0000000F)
    .ARM.Collect$$libshutdown$$00000010      0x08000232   Section        2  libshutdown2.o(.ARM.Collect$$libshutdown$$00000010)
    .ARM.Collect$$rtentry$$00000000          0x08000234   Section        0  __rtentry.o(.ARM.Collect$$rtentry$$00000000)
    .ARM.Collect$$rtentry$$00000002          0x08000234   Section        0  __rtentry2.o(.ARM.Collect$$rtentry$$00000002)
    .ARM.Collect$$rtentry$$00000004          0x08000234   Section        6  __rtentry4.o(.ARM.Collect$$rtentry$$00000004)
    .ARM.Collect$$rtentry$$00000009          0x0800023a   Section        0  __rtentry2.o(.ARM.Collect$$rtentry$$00000009)
    .ARM.Collect$$rtentry$$0000000A          0x0800023a   Section        4  __rtentry2.o(.ARM.Collect$$rtentry$$0000000A)
    .ARM.Collect$$rtentry$$0000000C          0x0800023e   Section        0  __rtentry2.o(.ARM.Collect$$rtentry$$0000000C)
    .ARM.Collect$$rtentry$$0000000D          0x0800023e   Section        8  __rtentry2.o(.ARM.Collect$$rtentry$$0000000D)
    .ARM.Collect$$rtexit$$00000000           0x08000246   Section        2  rtexit.o(.ARM.Collect$$rtexit$$00000000)
    .ARM.Collect$$rtexit$$00000002           0x08000248   Section        0  rtexit2.o(.ARM.Collect$$rtexit$$00000002)
    .ARM.Collect$$rtexit$$00000003           0x08000248   Section        4  rtexit2.o(.ARM.Collect$$rtexit$$00000003)
    .ARM.Collect$$rtexit$$00000004           0x0800024c   Section        6  rtexit2.o(.ARM.Collect$$rtexit$$00000004)
    .text                                    0x08000254   Section       64  startup_stm32f469_479xx.o(.text)
    $v0                                      0x08000254   Number         0  startup_stm32f469_479xx.o(.text)
    .text                                    0x08000294   Section        2  use_no_semi_2.o(.text)
    .text                                    0x08000296   Section        0  heapauxi.o(.text)
    .text                                    0x0800029c   Section        2  use_no_semi.o(.text)
    .text                                    0x0800029e   Section       74  sys_stackheap_outer.o(.text)
    .text                                    0x080002e8   Section        0  exit.o(.text)
    .text                                    0x080002fc   Section        8  libspace.o(.text)
    i.BusFault_Handler                       0x08000304   Section        0  stm32f4xx_it.o(i.BusFault_Handler)
    i.DebugMon_Handler                       0x08000308   Section        0  stm32f4xx_it.o(i.DebugMon_Handler)
    i.GPIO_Init                              0x0800030a   Section        0  stm32f4xx_gpio.o(i.GPIO_Init)
    i.HardFault_Handler                      0x0800039a   Section        0  stm32f4xx_it.o(i.HardFault_Handler)
    i.LEDInit                                0x080003a0   Section        0  led.o(i.LEDInit)
    i.LEDOff                                 0x080003f8   Section        0  led.o(i.LEDOff)
    i.LEDOn                                  0x08000410   Section        0  led.o(i.LEDOn)
    i.MemManage_Handler                      0x08000428   Section        0  stm32f4xx_it.o(i.MemManage_Handler)
    i.NMI_Handler                            0x0800042c   Section        0  stm32f4xx_it.o(i.NMI_Handler)
    i.PendSV_Handler                         0x0800042e   Section        0  stm32f4xx_it.o(i.PendSV_Handler)
    i.RCC_AHB1PeriphClockCmd                 0x08000430   Section        0  stm32f4xx_rcc.o(i.RCC_AHB1PeriphClockCmd)
    i.SVC_Handler                            0x08000450   Section        0  stm32f4xx_it.o(i.SVC_Handler)
    i.SetSysClock                            0x08000454   Section        0  system_stm32f4xx.o(i.SetSysClock)
    SetSysClock                              0x08000455   Thumb Code   272  system_stm32f4xx.o(i.SetSysClock)
    i.SysTick_CLKSourceConfig                0x08000574   Section        0  misc.o(i.SysTick_CLKSourceConfig)
    i.SysTick_Handler                        0x0800059c   Section        0  stm32f4xx_it.o(i.SysTick_Handler)
    i.SystemInit                             0x080005a0   Section        0  system_stm32f4xx.o(i.SystemInit)
    i.UsageFault_Handler                     0x08000608   Section        0  stm32f4xx_it.o(i.UsageFault_Handler)
    i._sys_exit                              0x0800060c   Section        0  usart.o(i._sys_exit)
    i.delay_init                             0x08000610   Section        0  delay.o(i.delay_init)
    i.delay_ms                               0x08000688   Section        0  delay.o(i.delay_ms)
    i.delay_xms                              0x080006c0   Section        0  delay.o(i.delay_xms)
    i.main                                   0x0800070c   Section        0  main.o(i.main)
    x$fpl$d2f                                0x08000758   Section       98  d2f.o(x$fpl$d2f)
    $v0                                      0x08000758   Number         0  d2f.o(x$fpl$d2f)
    x$fpl$ddiv                               0x080007bc   Section      688  ddiv.o(x$fpl$ddiv)
    $v0                                      0x080007bc   Number         0  ddiv.o(x$fpl$ddiv)
    ddiv_entry                               0x080007c3   Thumb Code     0  ddiv.o(x$fpl$ddiv)
    x$fpl$dfltu                              0x08000a6c   Section       38  dflt_clz.o(x$fpl$dfltu)
    $v0                                      0x08000a6c   Number         0  dflt_clz.o(x$fpl$dfltu)
    x$fpl$dnaninf                            0x08000a92   Section      156  dnaninf.o(x$fpl$dnaninf)
    $v0                                      0x08000a92   Number         0  dnaninf.o(x$fpl$dnaninf)
    x$fpl$dretinf                            0x08000b2e   Section       12  dretinf.o(x$fpl$dretinf)
    $v0                                      0x08000b2e   Number         0  dretinf.o(x$fpl$dretinf)
    x$fpl$fpinit                             0x08000b3a   Section       10  fpinit.o(x$fpl$fpinit)
    $v0                                      0x08000b3a   Number         0  fpinit.o(x$fpl$fpinit)
    x$fpl$fretinf                            0x08000b44   Section       10  fretinf.o(x$fpl$fretinf)
    $v0                                      0x08000b44   Number         0  fretinf.o(x$fpl$fretinf)
    x$fpl$usenofp                            0x08000b4e   Section        0  usenofp.o(x$fpl$usenofp)
    .constdata                               0x08000b50   Section       24  led.o(.constdata)
    .data                                    0x20000000   Section        8  delay.o(.data)
    fac_us_tmp                               0x20000000   Data           4  delay.o(.data)
    fac_us                                   0x20000004   Data           1  delay.o(.data)
    fac_ms                                   0x20000006   Data           2  delay.o(.data)
    .data                                    0x20000008   Section       16  led.o(.data)
    .bss                                     0x20000018   Section       96  libspace.o(.bss)
    HEAP                                     0x20000078   Section      512  startup_stm32f469_479xx.o(HEAP)
    Heap_Mem                                 0x20000078   Data         512  startup_stm32f469_479xx.o(HEAP)
    STACK                                    0x20000278   Section     1024  startup_stm32f469_479xx.o(STACK)
    Stack_Mem                                0x20000278   Data        1024  startup_stm32f469_479xx.o(STACK)
    __initial_sp                             0x20000678   Data           0  startup_stm32f469_479xx.o(STACK)

    Global Symbols

    Symbol Name                              Value     Ov Type        Size  Object(Section)

    BuildAttributes$$THM_ISAv4$E$P$D$K$B$S$7EM$VFPi3$EXTD16$VFPS$VFMA$PE$A:L22UL41UL21$X:L11$S22US41US21$IEEE1$IW$USESV6$~STKCKD$USESV7$~SHL$OSPACE$ROPI$EBA8$UX$STANDARDLIB$REQ8$PRES8$EABIv2 0x00000000   Number         0  anon$$obj.o ABSOLUTE
    __ARM_use_no_argv                        0x00000000   Number         0  main.o ABSOLUTE
    __ARM_exceptions_init                     - Undefined Weak Reference
    __alloca_initialize                       - Undefined Weak Reference
    __arm_preinit_                            - Undefined Weak Reference
    __cpp_initialize__aeabi_                  - Undefined Weak Reference
    __cxa_finalize                            - Undefined Weak Reference
    __rt_locale                               - Undefined Weak Reference
    __sigvec_lookup                           - Undefined Weak Reference
    _atexit_init                              - Undefined Weak Reference
    _call_atexit_fns                          - Undefined Weak Reference
    _clock_init                               - Undefined Weak Reference
    _fp_trap_init                             - Undefined Weak Reference
    _fp_trap_shutdown                         - Undefined Weak Reference
    _get_lc_collate                           - Undefined Weak Reference
    _get_lc_ctype                             - Undefined Weak Reference
    _get_lc_monetary                          - Undefined Weak Reference
    _get_lc_numeric                           - Undefined Weak Reference
    _get_lc_time                              - Undefined Weak Reference
    _getenv_init                              - Undefined Weak Reference
    _handle_redirection                       - Undefined Weak Reference
    _init_alloc                               - Undefined Weak Reference
    _init_user_alloc                          - Undefined Weak Reference
    _initio                                   - Undefined Weak Reference
    _rand_init                                - Undefined Weak Reference
    _signal_finish                            - Undefined Weak Reference
    _signal_init                              - Undefined Weak Reference
    _terminate_alloc                          - Undefined Weak Reference
    _terminate_user_alloc                     - Undefined Weak Reference
    _terminateio                              - Undefined Weak Reference
    __Vectors_Size                           0x000001b4   Number         0  startup_stm32f469_479xx.o ABSOLUTE
    __Vectors                                0x08000000   Data           4  startup_stm32f469_479xx.o(RESET)
    __Vectors_End                            0x080001b4   Data           0  startup_stm32f469_479xx.o(RESET)
    __main                                   0x080001b5   Thumb Code     8  __main.o(!!!main)
    __scatterload                            0x080001bd   Thumb Code     0  __scatter.o(!!!scatter)
    __scatterload_rt2                        0x080001bd   Thumb Code    44  __scatter.o(!!!scatter)
    __scatterload_rt2_thumb_only             0x080001bd   Thumb Code     0  __scatter.o(!!!scatter)
    __scatterload_null                       0x080001cb   Thumb Code     0  __scatter.o(!!!scatter)
    __scatterload_copy                       0x080001f1   Thumb Code    26  __scatter_copy.o(!!handler_copy)
    __scatterload_zeroinit                   0x0800020d   Thumb Code    28  __scatter_zi.o(!!handler_zi)
    __rt_lib_init                            0x08000229   Thumb Code     0  libinit.o(.ARM.Collect$$libinit$$00000000)
    __rt_lib_init_fp_1                       0x0800022b   Thumb Code     0  libinit2.o(.ARM.Collect$$libinit$$00000001)
    __rt_lib_init_alloca_1                   0x0800022f   Thumb Code     0  libinit2.o(.ARM.Collect$$libinit$$0000002E)
    __rt_lib_init_argv_1                     0x0800022f   Thumb Code     0  libinit2.o(.ARM.Collect$$libinit$$0000002C)
    __rt_lib_init_atexit_1                   0x0800022f   Thumb Code     0  libinit2.o(.ARM.Collect$$libinit$$0000001B)
    __rt_lib_init_clock_1                    0x0800022f   Thumb Code     0  libinit2.o(.ARM.Collect$$libinit$$00000021)
    __rt_lib_init_cpp_1                      0x0800022f   Thumb Code     0  libinit2.o(.ARM.Collect$$libinit$$00000032)
    __rt_lib_init_exceptions_1               0x0800022f   Thumb Code     0  libinit2.o(.ARM.Collect$$libinit$$00000030)
    __rt_lib_init_fp_trap_1                  0x0800022f   Thumb Code     0  libinit2.o(.ARM.Collect$$libinit$$0000001F)
    __rt_lib_init_getenv_1                   0x0800022f   Thumb Code     0  libinit2.o(.ARM.Collect$$libinit$$00000023)
    __rt_lib_init_heap_1                     0x0800022f   Thumb Code     0  libinit2.o(.ARM.Collect$$libinit$$0000000A)
    __rt_lib_init_lc_collate_1               0x0800022f   Thumb Code     0  libinit2.o(.ARM.Collect$$libinit$$00000011)
    __rt_lib_init_lc_ctype_1                 0x0800022f   Thumb Code     0  libinit2.o(.ARM.Collect$$libinit$$00000013)
    __rt_lib_init_lc_monetary_1              0x0800022f   Thumb Code     0  libinit2.o(.ARM.Collect$$libinit$$00000015)
    __rt_lib_init_lc_numeric_1               0x0800022f   Thumb Code     0  libinit2.o(.ARM.Collect$$libinit$$00000017)
    __rt_lib_init_lc_time_1                  0x0800022f   Thumb Code     0  libinit2.o(.ARM.Collect$$libinit$$00000019)
    __rt_lib_init_preinit_1                  0x0800022f   Thumb Code     0  libinit2.o(.ARM.Collect$$libinit$$00000004)
    __rt_lib_init_rand_1                     0x0800022f   Thumb Code     0  libinit2.o(.ARM.Collect$$libinit$$0000000E)
    __rt_lib_init_return                     0x0800022f   Thumb Code     0  libinit2.o(.ARM.Collect$$libinit$$00000033)
    __rt_lib_init_signal_1                   0x0800022f   Thumb Code     0  libinit2.o(.ARM.Collect$$libinit$$0000001D)
    __rt_lib_init_stdio_1                    0x0800022f   Thumb Code     0  libinit2.o(.ARM.Collect$$libinit$$00000025)
    __rt_lib_init_user_alloc_1               0x0800022f   Thumb Code     0  libinit2.o(.ARM.Collect$$libinit$$0000000C)
    __rt_lib_shutdown                        0x08000231   Thumb Code     0  libshutdown.o(.ARM.Collect$$libshutdown$$00000000)
    __rt_lib_shutdown_cpp_1                  0x08000233   Thumb Code     0  libshutdown2.o(.ARM.Collect$$libshutdown$$00000002)
    __rt_lib_shutdown_fp_trap_1              0x08000233   Thumb Code     0  libshutdown2.o(.ARM.Collect$$libshutdown$$00000007)
    __rt_lib_shutdown_heap_1                 0x08000233   Thumb Code     0  libshutdown2.o(.ARM.Collect$$libshutdown$$0000000F)
    __rt_lib_shutdown_return                 0x08000233   Thumb Code     0  libshutdown2.o(.ARM.Collect$$libshutdown$$00000010)
    __rt_lib_shutdown_signal_1               0x08000233   Thumb Code     0  libshutdown2.o(.ARM.Collect$$libshutdown$$0000000A)
    __rt_lib_shutdown_stdio_1                0x08000233   Thumb Code     0  libshutdown2.o(.ARM.Collect$$libshutdown$$00000004)
    __rt_lib_shutdown_user_alloc_1           0x08000233   Thumb Code     0  libshutdown2.o(.ARM.Collect$$libshutdown$$0000000C)
    __rt_entry                               0x08000235   Thumb Code     0  __rtentry.o(.ARM.Collect$$rtentry$$00000000)
    __rt_entry_presh_1                       0x08000235   Thumb Code     0  __rtentry2.o(.ARM.Collect$$rtentry$$00000002)
    __rt_entry_sh                            0x08000235   Thumb Code     0  __rtentry4.o(.ARM.Collect$$rtentry$$00000004)
    __rt_entry_li                            0x0800023b   Thumb Code     0  __rtentry2.o(.ARM.Collect$$rtentry$$0000000A)
    __rt_entry_postsh_1                      0x0800023b   Thumb Code     0  __rtentry2.o(.ARM.Collect$$rtentry$$00000009)
    __rt_entry_main                          0x0800023f   Thumb Code     0  __rtentry2.o(.ARM.Collect$$rtentry$$0000000D)
    __rt_entry_postli_1                      0x0800023f   Thumb Code     0  __rtentry2.o(.ARM.Collect$$rtentry$$0000000C)
    __rt_exit                                0x08000247   Thumb Code     0  rtexit.o(.ARM.Collect$$rtexit$$00000000)
    __rt_exit_ls                             0x08000249   Thumb Code     0  rtexit2.o(.ARM.Collect$$rtexit$$00000003)
    __rt_exit_prels_1                        0x08000249   Thumb Code     0  rtexit2.o(.ARM.Collect$$rtexit$$00000002)
    __rt_exit_exit                           0x0800024d   Thumb Code     0  rtexit2.o(.ARM.Collect$$rtexit$$00000004)
    Reset_Handler                            0x08000255   Thumb Code     8  startup_stm32f469_479xx.o(.text)
    ADC_IRQHandler                           0x0800026f   Thumb Code     0  startup_stm32f469_479xx.o(.text)
    CAN1_RX0_IRQHandler                      0x0800026f   Thumb Code     0  startup_stm32f469_479xx.o(.text)
    CAN1_RX1_IRQHandler                      0x0800026f   Thumb Code     0  startup_stm32f469_479xx.o(.text)
    CAN1_SCE_IRQHandler                      0x0800026f   Thumb Code     0  startup_stm32f469_479xx.o(.text)
    CAN1_TX_IRQHandler                       0x0800026f   Thumb Code     0  startup_stm32f469_479xx.o(.text)
    CAN2_RX0_IRQHandler                      0x0800026f   Thumb Code     0  startup_stm32f469_479xx.o(.text)
    CAN2_RX1_IRQHandler                      0x0800026f   Thumb Code     0  startup_stm32f469_479xx.o(.text)
    CAN2_SCE_IRQHandler                      0x0800026f   Thumb Code     0  startup_stm32f469_479xx.o(.text)
    CAN2_TX_IRQHandler                       0x0800026f   Thumb Code     0  startup_stm32f469_479xx.o(.text)
    CRYP_IRQHandler                          0x0800026f   Thumb Code     0  startup_stm32f469_479xx.o(.text)
    DCMI_IRQHandler                          0x0800026f   Thumb Code     0  startup_stm32f469_479xx.o(.text)
    DMA1_Stream0_IRQHandler                  0x0800026f   Thumb Code     0  startup_stm32f469_479xx.o(.text)
    DMA1_Stream1_IRQHandler                  0x0800026f   Thumb Code     0  startup_stm32f469_479xx.o(.text)
    DMA1_Stream2_IRQHandler                  0x0800026f   Thumb Code     0  startup_stm32f469_479xx.o(.text)
    DMA1_Stream3_IRQHandler                  0x0800026f   Thumb Code     0  startup_stm32f469_479xx.o(.text)
    DMA1_Stream4_IRQHandler                  0x0800026f   Thumb Code     0  startup_stm32f469_479xx.o(.text)
    DMA1_Stream5_IRQHandler                  0x0800026f   Thumb Code     0  startup_stm32f469_479xx.o(.text)
    DMA1_Stream6_IRQHandler                  0x0800026f   Thumb Code     0  startup_stm32f469_479xx.o(.text)
    DMA1_Stream7_IRQHandler                  0x0800026f   Thumb Code     0  startup_stm32f469_479xx.o(.text)
    DMA2D_IRQHandler                         0x0800026f   Thumb Code     0  startup_stm32f469_479xx.o(.text)
    DMA2_Stream0_IRQHandler                  0x0800026f   Thumb Code     0  startup_stm32f469_479xx.o(.text)
    DMA2_Stream1_IRQHandler                  0x0800026f   Thumb Code     0  startup_stm32f469_479xx.o(.text)
    DMA2_Stream2_IRQHandler                  0x0800026f   Thumb Code     0  startup_stm32f469_479xx.o(.text)
    DMA2_Stream3_IRQHandler                  0x0800026f   Thumb Code     0  startup_stm32f469_479xx.o(.text)
    DMA2_Stream4_IRQHandler                  0x0800026f   Thumb Code     0  startup_stm32f469_479xx.o(.text)
    DMA2_Stream5_IRQHandler                  0x0800026f   Thumb Code     0  startup_stm32f469_479xx.o(.text)
    DMA2_Stream6_IRQHandler                  0x0800026f   Thumb Code     0  startup_stm32f469_479xx.o(.text)
    DMA2_Stream7_IRQHandler                  0x0800026f   Thumb Code     0  startup_stm32f469_479xx.o(.text)
    DSI_IRQHandler                           0x0800026f   Thumb Code     0  startup_stm32f469_479xx.o(.text)
    ETH_IRQHandler                           0x0800026f   Thumb Code     0  startup_stm32f469_479xx.o(.text)
    ETH_WKUP_IRQHandler                      0x0800026f   Thumb Code     0  startup_stm32f469_479xx.o(.text)
    EXTI0_IRQHandler                         0x0800026f   Thumb Code     0  startup_stm32f469_479xx.o(.text)
    EXTI15_10_IRQHandler                     0x0800026f   Thumb Code     0  startup_stm32f469_479xx.o(.text)
    EXTI1_IRQHandler                         0x0800026f   Thumb Code     0  startup_stm32f469_479xx.o(.text)
    EXTI2_IRQHandler                         0x0800026f   Thumb Code     0  startup_stm32f469_479xx.o(.text)
    EXTI3_IRQHandler                         0x0800026f   Thumb Code     0  startup_stm32f469_479xx.o(.text)
    EXTI4_IRQHandler                         0x0800026f   Thumb Code     0  startup_stm32f469_479xx.o(.text)
    EXTI9_5_IRQHandler                       0x0800026f   Thumb Code     0  startup_stm32f469_479xx.o(.text)
    FLASH_IRQHandler                         0x0800026f   Thumb Code     0  startup_stm32f469_479xx.o(.text)
    FMC_IRQHandler                           0x0800026f   Thumb Code     0  startup_stm32f469_479xx.o(.text)
    FPU_IRQHandler                           0x0800026f   Thumb Code     0  startup_stm32f469_479xx.o(.text)
    HASH_RNG_IRQHandler                      0x0800026f   Thumb Code     0  startup_stm32f469_479xx.o(.text)
    I2C1_ER_IRQHandler                       0x0800026f   Thumb Code     0  startup_stm32f469_479xx.o(.text)
    I2C1_EV_IRQHandler                       0x0800026f   Thumb Code     0  startup_stm32f469_479xx.o(.text)
    I2C2_ER_IRQHandler                       0x0800026f   Thumb Code     0  startup_stm32f469_479xx.o(.text)
    I2C2_EV_IRQHandler                       0x0800026f   Thumb Code     0  startup_stm32f469_479xx.o(.text)
    I2C3_ER_IRQHandler                       0x0800026f   Thumb Code     0  startup_stm32f469_479xx.o(.text)
    I2C3_EV_IRQHandler                       0x0800026f   Thumb Code     0  startup_stm32f469_479xx.o(.text)
    LTDC_ER_IRQHandler                       0x0800026f   Thumb Code     0  startup_stm32f469_479xx.o(.text)
    LTDC_IRQHandler                          0x0800026f   Thumb Code     0  startup_stm32f469_479xx.o(.text)
    OTG_FS_IRQHandler                        0x0800026f   Thumb Code     0  startup_stm32f469_479xx.o(.text)
    OTG_FS_WKUP_IRQHandler                   0x0800026f   Thumb Code     0  startup_stm32f469_479xx.o(.text)
    OTG_HS_EP1_IN_IRQHandler                 0x0800026f   Thumb Code     0  startup_stm32f469_479xx.o(.text)
    OTG_HS_EP1_OUT_IRQHandler                0x0800026f   Thumb Code     0  startup_stm32f469_479xx.o(.text)
    OTG_HS_IRQHandler                        0x0800026f   Thumb Code     0  startup_stm32f469_479xx.o(.text)
    OTG_HS_WKUP_IRQHandler                   0x0800026f   Thumb Code     0  startup_stm32f469_479xx.o(.text)
    PVD_IRQHandler                           0x0800026f   Thumb Code     0  startup_stm32f469_479xx.o(.text)
    QUADSPI_IRQHandler                       0x0800026f   Thumb Code     0  startup_stm32f469_479xx.o(.text)
    RCC_IRQHandler                           0x0800026f   Thumb Code     0  startup_stm32f469_479xx.o(.text)
    RTC_Alarm_IRQHandler                     0x0800026f   Thumb Code     0  startup_stm32f469_479xx.o(.text)
    RTC_WKUP_IRQHandler                      0x0800026f   Thumb Code     0  startup_stm32f469_479xx.o(.text)
    SAI1_IRQHandler                          0x0800026f   Thumb Code     0  startup_stm32f469_479xx.o(.text)
    SDIO_IRQHandler                          0x0800026f   Thumb Code     0  startup_stm32f469_479xx.o(.text)
    SPI1_IRQHandler                          0x0800026f   Thumb Code     0  startup_stm32f469_479xx.o(.text)
    SPI2_IRQHandler                          0x0800026f   Thumb Code     0  startup_stm32f469_479xx.o(.text)
    SPI3_IRQHandler                          0x0800026f   Thumb Code     0  startup_stm32f469_479xx.o(.text)
    SPI4_IRQHandler                          0x0800026f   Thumb Code     0  startup_stm32f469_479xx.o(.text)
    SPI5_IRQHandler                          0x0800026f   Thumb Code     0  startup_stm32f469_479xx.o(.text)
    SPI6_IRQHandler                          0x0800026f   Thumb Code     0  startup_stm32f469_479xx.o(.text)
    TAMP_STAMP_IRQHandler                    0x0800026f   Thumb Code     0  startup_stm32f469_479xx.o(.text)
    TIM1_BRK_TIM9_IRQHandler                 0x0800026f   Thumb Code     0  startup_stm32f469_479xx.o(.text)
    TIM1_CC_IRQHandler                       0x0800026f   Thumb Code     0  startup_stm32f469_479xx.o(.text)
    TIM1_TRG_COM_TIM11_IRQHandler            0x0800026f   Thumb Code     0  startup_stm32f469_479xx.o(.text)
    TIM1_UP_TIM10_IRQHandler                 0x0800026f   Thumb Code     0  startup_stm32f469_479xx.o(.text)
    TIM2_IRQHandler                          0x0800026f   Thumb Code     0  startup_stm32f469_479xx.o(.text)
    TIM3_IRQHandler                          0x0800026f   Thumb Code     0  startup_stm32f469_479xx.o(.text)
    TIM4_IRQHandler                          0x0800026f   Thumb Code     0  startup_stm32f469_479xx.o(.text)
    TIM5_IRQHandler                          0x0800026f   Thumb Code     0  startup_stm32f469_479xx.o(.text)
    TIM6_DAC_IRQHandler                      0x0800026f   Thumb Code     0  startup_stm32f469_479xx.o(.text)
    TIM7_IRQHandler                          0x0800026f   Thumb Code     0  startup_stm32f469_479xx.o(.text)
    TIM8_BRK_TIM12_IRQHandler                0x0800026f   Thumb Code     0  startup_stm32f469_479xx.o(.text)
    TIM8_CC_IRQHandler                       0x0800026f   Thumb Code     0  startup_stm32f469_479xx.o(.text)
    TIM8_TRG_COM_TIM14_IRQHandler            0x0800026f   Thumb Code     0  startup_stm32f469_479xx.o(.text)
    TIM8_UP_TIM13_IRQHandler                 0x0800026f   Thumb Code     0  startup_stm32f469_479xx.o(.text)
    UART4_IRQHandler                         0x0800026f   Thumb Code     0  startup_stm32f469_479xx.o(.text)
    UART5_IRQHandler                         0x0800026f   Thumb Code     0  startup_stm32f469_479xx.o(.text)
    UART7_IRQHandler                         0x0800026f   Thumb Code     0  startup_stm32f469_479xx.o(.text)
    UART8_IRQHandler                         0x0800026f   Thumb Code     0  startup_stm32f469_479xx.o(.text)
    USART1_IRQHandler                        0x0800026f   Thumb Code     0  startup_stm32f469_479xx.o(.text)
    USART2_IRQHandler                        0x0800026f   Thumb Code     0  startup_stm32f469_479xx.o(.text)
    USART3_IRQHandler                        0x0800026f   Thumb Code     0  startup_stm32f469_479xx.o(.text)
    USART6_IRQHandler                        0x0800026f   Thumb Code     0  startup_stm32f469_479xx.o(.text)
    WWDG_IRQHandler                          0x0800026f   Thumb Code     0  startup_stm32f469_479xx.o(.text)
    __user_initial_stackheap                 0x08000271   Thumb Code     0  startup_stm32f469_479xx.o(.text)
    __use_no_semihosting                     0x08000295   Thumb Code     2  use_no_semi_2.o(.text)
    __use_two_region_memory                  0x08000297   Thumb Code     2  heapauxi.o(.text)
    __rt_heap_escrow$2region                 0x08000299   Thumb Code     2  heapauxi.o(.text)
    __rt_heap_expand$2region                 0x0800029b   Thumb Code     2  heapauxi.o(.text)
    __I$use$semihosting                      0x0800029d   Thumb Code     0  use_no_semi.o(.text)
    __use_no_semihosting_swi                 0x0800029d   Thumb Code     2  use_no_semi.o(.text)
    __user_setup_stackheap                   0x0800029f   Thumb Code    74  sys_stackheap_outer.o(.text)
    exit                                     0x080002e9   Thumb Code    18  exit.o(.text)
    __user_libspace                          0x080002fd   Thumb Code     8  libspace.o(.text)
    __user_perproc_libspace                  0x080002fd   Thumb Code     0  libspace.o(.text)
    __user_perthread_libspace                0x080002fd   Thumb Code     0  libspace.o(.text)
    BusFault_Handler                         0x08000305   Thumb Code     4  stm32f4xx_it.o(i.BusFault_Handler)
    DebugMon_Handler                         0x08000309   Thumb Code     2  stm32f4xx_it.o(i.DebugMon_Handler)
    GPIO_Init                                0x0800030b   Thumb Code   144  stm32f4xx_gpio.o(i.GPIO_Init)
    HardFault_Handler                        0x0800039b   Thumb Code     4  stm32f4xx_it.o(i.HardFault_Handler)
    LEDInit                                  0x080003a1   Thumb Code    76  led.o(i.LEDInit)
    LEDOff                                   0x080003f9   Thumb Code    16  led.o(i.LEDOff)
    LEDOn                                    0x08000411   Thumb Code    16  led.o(i.LEDOn)
    MemManage_Handler                        0x08000429   Thumb Code     4  stm32f4xx_it.o(i.MemManage_Handler)
    NMI_Handler                              0x0800042d   Thumb Code     2  stm32f4xx_it.o(i.NMI_Handler)
    PendSV_Handler                           0x0800042f   Thumb Code     2  stm32f4xx_it.o(i.PendSV_Handler)
    RCC_AHB1PeriphClockCmd                   0x08000431   Thumb Code    26  stm32f4xx_rcc.o(i.RCC_AHB1PeriphClockCmd)
    SVC_Handler                              0x08000451   Thumb Code     2  stm32f4xx_it.o(i.SVC_Handler)
    SysTick_CLKSourceConfig                  0x08000575   Thumb Code    40  misc.o(i.SysTick_CLKSourceConfig)
    SysTick_Handler                          0x0800059d   Thumb Code     2  stm32f4xx_it.o(i.SysTick_Handler)
    SystemInit                               0x080005a1   Thumb Code    88  system_stm32f4xx.o(i.SystemInit)
    UsageFault_Handler                       0x08000609   Thumb Code     4  stm32f4xx_it.o(i.UsageFault_Handler)
    _sys_exit                                0x0800060d   Thumb Code     4  usart.o(i._sys_exit)
    delay_init                               0x08000611   Thumb Code    96  delay.o(i.delay_init)
    delay_ms                                 0x08000689   Thumb Code    56  delay.o(i.delay_ms)
    delay_xms                                0x080006c1   Thumb Code    72  delay.o(i.delay_xms)
    main                                     0x0800070d   Thumb Code    74  main.o(i.main)
    __aeabi_d2f                              0x08000759   Thumb Code     0  d2f.o(x$fpl$d2f)
    _d2f                                     0x08000759   Thumb Code    98  d2f.o(x$fpl$d2f)
    __aeabi_ddiv                             0x080007bd   Thumb Code     0  ddiv.o(x$fpl$ddiv)
    _ddiv                                    0x080007bd   Thumb Code   552  ddiv.o(x$fpl$ddiv)
    __aeabi_ui2d                             0x08000a6d   Thumb Code     0  dflt_clz.o(x$fpl$dfltu)
    _dfltu                                   0x08000a6d   Thumb Code    38  dflt_clz.o(x$fpl$dfltu)
    __fpl_dnaninf                            0x08000a93   Thumb Code   156  dnaninf.o(x$fpl$dnaninf)
    __fpl_dretinf                            0x08000b2f   Thumb Code    12  dretinf.o(x$fpl$dretinf)
    _fp_init                                 0x08000b3b   Thumb Code    10  fpinit.o(x$fpl$fpinit)
    __fplib_config_fpu_vfp                   0x08000b43   Thumb Code     0  fpinit.o(x$fpl$fpinit)
    __fplib_config_pureend_doubles           0x08000b43   Thumb Code     0  fpinit.o(x$fpl$fpinit)
    __fpl_fretinf                            0x08000b45   Thumb Code    10  fretinf.o(x$fpl$fretinf)
    __I$use$fp                               0x08000b4e   Number         0  usenofp.o(x$fpl$usenofp)
    GPIO_PIN                                 0x08000b50   Data           8  led.o(.constdata)
    GPIO_CLK                                 0x08000b58   Data          16  led.o(.constdata)
    Region$$Table$$Base                      0x08000b68   Number         0  anon$$obj.o(Region$$Table)
    Region$$Table$$Limit                     0x08000b88   Number         0  anon$$obj.o(Region$$Table)
    GPIO_PORT                                0x20000008   Data          16  led.o(.data)
    __libspace_start                         0x20000018   Data          96  libspace.o(.bss)
    __temporary_stack_top$libspace           0x20000078   Data           0  libspace.o(.bss)



==============================================================================

Memory Map of the image

  Image Entry point : 0x080001b5

  Load Region LR_IROM1 (Base: 0x08000000, Size: 0x00000ba0, Max: 0x00200000, ABSOLUTE)

    Execution Region ER_IROM1 (Exec base: 0x08000000, Load base: 0x08000000, Size: 0x00000b88, Max: 0x00200000, ABSOLUTE)

    Exec Addr    Load Addr    Size         Type   Attr      Idx    E Section Name        Object

    0x08000000   0x08000000   0x000001b4   Data   RO         2736    RESET               startup_stm32f469_479xx.o
    0x080001b4   0x080001b4   0x00000008   Code   RO         2747  * !!!main             c_w.l(__main.o)
    0x080001bc   0x080001bc   0x00000034   Code   RO         2921    !!!scatter          c_w.l(__scatter.o)
    0x080001f0   0x080001f0   0x0000001a   Code   RO         2923    !!handler_copy      c_w.l(__scatter_copy.o)
    0x0800020a   0x0800020a   0x00000002   PAD
    0x0800020c   0x0800020c   0x0000001c   Code   RO         2925    !!handler_zi        c_w.l(__scatter_zi.o)
    0x08000228   0x08000228   0x00000002   Code   RO         2795    .ARM.Collect$$libinit$$00000000  c_w.l(libinit.o)
    0x0800022a   0x0800022a   0x00000004   Code   RO         2801    .ARM.Collect$$libinit$$00000001  c_w.l(libinit2.o)
    0x0800022e   0x0800022e   0x00000000   Code   RO         2804    .ARM.Collect$$libinit$$00000004  c_w.l(libinit2.o)
    0x0800022e   0x0800022e   0x00000000   Code   RO         2807    .ARM.Collect$$libinit$$0000000A  c_w.l(libinit2.o)
    0x0800022e   0x0800022e   0x00000000   Code   RO         2809    .ARM.Collect$$libinit$$0000000C  c_w.l(libinit2.o)
    0x0800022e   0x0800022e   0x00000000   Code   RO         2811    .ARM.Collect$$libinit$$0000000E  c_w.l(libinit2.o)
    0x0800022e   0x0800022e   0x00000000   Code   RO         2814    .ARM.Collect$$libinit$$00000011  c_w.l(libinit2.o)
    0x0800022e   0x0800022e   0x00000000   Code   RO         2816    .ARM.Collect$$libinit$$00000013  c_w.l(libinit2.o)
    0x0800022e   0x0800022e   0x00000000   Code   RO         2818    .ARM.Collect$$libinit$$00000015  c_w.l(libinit2.o)
    0x0800022e   0x0800022e   0x00000000   Code   RO         2820    .ARM.Collect$$libinit$$00000017  c_w.l(libinit2.o)
    0x0800022e   0x0800022e   0x00000000   Code   RO         2822    .ARM.Collect$$libinit$$00000019  c_w.l(libinit2.o)
    0x0800022e   0x0800022e   0x00000000   Code   RO         2824    .ARM.Collect$$libinit$$0000001B  c_w.l(libinit2.o)
    0x0800022e   0x0800022e   0x00000000   Code   RO         2826    .ARM.Collect$$libinit$$0000001D  c_w.l(libinit2.o)
    0x0800022e   0x0800022e   0x00000000   Code   RO         2828    .ARM.Collect$$libinit$$0000001F  c_w.l(libinit2.o)
    0x0800022e   0x0800022e   0x00000000   Code   RO         2830    .ARM.Collect$$libinit$$00000021  c_w.l(libinit2.o)
    0x0800022e   0x0800022e   0x00000000   Code   RO         2832    .ARM.Collect$$libinit$$00000023  c_w.l(libinit2.o)
    0x0800022e   0x0800022e   0x00000000   Code   RO         2834    .ARM.Collect$$libinit$$00000025  c_w.l(libinit2.o)
    0x0800022e   0x0800022e   0x00000000   Code   RO         2838    .ARM.Collect$$libinit$$0000002C  c_w.l(libinit2.o)
    0x0800022e   0x0800022e   0x00000000   Code   RO         2840    .ARM.Collect$$libinit$$0000002E  c_w.l(libinit2.o)
    0x0800022e   0x0800022e   0x00000000   Code   RO         2842    .ARM.Collect$$libinit$$00000030  c_w.l(libinit2.o)
    0x0800022e   0x0800022e   0x00000000   Code   RO         2844    .ARM.Collect$$libinit$$00000032  c_w.l(libinit2.o)
    0x0800022e   0x0800022e   0x00000002   Code   RO         2845    .ARM.Collect$$libinit$$00000033  c_w.l(libinit2.o)
    0x08000230   0x08000230   0x00000002   Code   RO         2863    .ARM.Collect$$libshutdown$$00000000  c_w.l(libshutdown.o)
    0x08000232   0x08000232   0x00000000   Code   RO         2873    .ARM.Collect$$libshutdown$$00000002  c_w.l(libshutdown2.o)
    0x08000232   0x08000232   0x00000000   Code   RO         2875    .ARM.Collect$$libshutdown$$00000004  c_w.l(libshutdown2.o)
    0x08000232   0x08000232   0x00000000   Code   RO         2878    .ARM.Collect$$libshutdown$$00000007  c_w.l(libshutdown2.o)
    0x08000232   0x08000232   0x00000000   Code   RO         2881    .ARM.Collect$$libshutdown$$0000000A  c_w.l(libshutdown2.o)
    0x08000232   0x08000232   0x00000000   Code   RO         2883    .ARM.Collect$$libshutdown$$0000000C  c_w.l(libshutdown2.o)
    0x08000232   0x08000232   0x00000000   Code   RO         2886    .ARM.Collect$$libshutdown$$0000000F  c_w.l(libshutdown2.o)
    0x08000232   0x08000232   0x00000002   Code   RO         2887    .ARM.Collect$$libshutdown$$00000010  c_w.l(libshutdown2.o)
    0x08000234   0x08000234   0x00000000   Code   RO         2763    .ARM.Collect$$rtentry$$00000000  c_w.l(__rtentry.o)
    0x08000234   0x08000234   0x00000000   Code   RO         2772    .ARM.Collect$$rtentry$$00000002  c_w.l(__rtentry2.o)
    0x08000234   0x08000234   0x00000006   Code   RO         2784    .ARM.Collect$$rtentry$$00000004  c_w.l(__rtentry4.o)
    0x0800023a   0x0800023a   0x00000000   Code   RO         2774    .ARM.Collect$$rtentry$$00000009  c_w.l(__rtentry2.o)
    0x0800023a   0x0800023a   0x00000004   Code   RO         2775    .ARM.Collect$$rtentry$$0000000A  c_w.l(__rtentry2.o)
    0x0800023e   0x0800023e   0x00000000   Code   RO         2777    .ARM.Collect$$rtentry$$0000000C  c_w.l(__rtentry2.o)
    0x0800023e   0x0800023e   0x00000008   Code   RO         2778    .ARM.Collect$$rtentry$$0000000D  c_w.l(__rtentry2.o)
    0x08000246   0x08000246   0x00000002   Code   RO         2799    .ARM.Collect$$rtexit$$00000000  c_w.l(rtexit.o)
    0x08000248   0x08000248   0x00000000   Code   RO         2847    .ARM.Collect$$rtexit$$00000002  c_w.l(rtexit2.o)
    0x08000248   0x08000248   0x00000004   Code   RO         2848    .ARM.Collect$$rtexit$$00000003  c_w.l(rtexit2.o)
    0x0800024c   0x0800024c   0x00000006   Code   RO         2849    .ARM.Collect$$rtexit$$00000004  c_w.l(rtexit2.o)
    0x08000252   0x08000252   0x00000002   PAD
    0x08000254   0x08000254   0x00000040   Code   RO         2737    .text               startup_stm32f469_479xx.o
    0x08000294   0x08000294   0x00000002   Code   RO         2743    .text               c_w.l(use_no_semi_2.o)
    0x08000296   0x08000296   0x00000006   Code   RO         2745    .text               c_w.l(heapauxi.o)
    0x0800029c   0x0800029c   0x00000002   Code   RO         2761    .text               c_w.l(use_no_semi.o)
    0x0800029e   0x0800029e   0x0000004a   Code   RO         2786    .text               c_w.l(sys_stackheap_outer.o)
    0x080002e8   0x080002e8   0x00000012   Code   RO         2788    .text               c_w.l(exit.o)
    0x080002fa   0x080002fa   0x00000002   PAD
    0x080002fc   0x080002fc   0x00000008   Code   RO         2796    .text               c_w.l(libspace.o)
    0x08000304   0x08000304   0x00000004   Code   RO          126    i.BusFault_Handler  stm32f4xx_it.o
    0x08000308   0x08000308   0x00000002   Code   RO          127    i.DebugMon_Handler  stm32f4xx_it.o
    0x0800030a   0x0800030a   0x00000090   Code   RO          847    i.GPIO_Init         stm32f4xx_gpio.o
    0x0800039a   0x0800039a   0x00000004   Code   RO          128    i.HardFault_Handler  stm32f4xx_it.o
    0x0800039e   0x0800039e   0x00000002   PAD
    0x080003a0   0x080003a0   0x00000058   Code   RO          308    i.LEDInit           led.o
    0x080003f8   0x080003f8   0x00000018   Code   RO          309    i.LEDOff            led.o
    0x08000410   0x08000410   0x00000018   Code   RO          310    i.LEDOn             led.o
    0x08000428   0x08000428   0x00000004   Code   RO          129    i.MemManage_Handler  stm32f4xx_it.o
    0x0800042c   0x0800042c   0x00000002   Code   RO          130    i.NMI_Handler       stm32f4xx_it.o
    0x0800042e   0x0800042e   0x00000002   Code   RO          131    i.PendSV_Handler    stm32f4xx_it.o
    0x08000430   0x08000430   0x00000020   Code   RO         1111    i.RCC_AHB1PeriphClockCmd  stm32f4xx_rcc.o
    0x08000450   0x08000450   0x00000002   Code   RO          132    i.SVC_Handler       stm32f4xx_it.o
    0x08000452   0x08000452   0x00000002   PAD
    0x08000454   0x08000454   0x00000120   Code   RO         2696    i.SetSysClock       system_stm32f4xx.o
    0x08000574   0x08000574   0x00000028   Code   RO          358    i.SysTick_CLKSourceConfig  misc.o
    0x0800059c   0x0800059c   0x00000002   Code   RO          133    i.SysTick_Handler   stm32f4xx_it.o
    0x0800059e   0x0800059e   0x00000002   PAD
    0x080005a0   0x080005a0   0x00000068   Code   RO         2698    i.SystemInit        system_stm32f4xx.o
    0x08000608   0x08000608   0x00000004   Code   RO          134    i.UsageFault_Handler  stm32f4xx_it.o
    0x0800060c   0x0800060c   0x00000004   Code   RO          267    i._sys_exit         usart.o
    0x08000610   0x08000610   0x00000078   Code   RO          201    i.delay_init        delay.o
    0x08000688   0x08000688   0x00000038   Code   RO          202    i.delay_ms          delay.o
    0x080006c0   0x080006c0   0x0000004c   Code   RO          204    i.delay_xms         delay.o
    0x0800070c   0x0800070c   0x0000004a   Code   RO            4    i.main              main.o
    0x08000756   0x08000756   0x00000002   PAD
    0x08000758   0x08000758   0x00000062   Code   RO         2749    x$fpl$d2f           fz_wm.l(d2f.o)
    0x080007ba   0x080007ba   0x00000002   PAD
    0x080007bc   0x080007bc   0x000002b0   Code   RO         2752    x$fpl$ddiv          fz_wm.l(ddiv.o)
    0x08000a6c   0x08000a6c   0x00000026   Code   RO         2755    x$fpl$dfltu         fz_wm.l(dflt_clz.o)
    0x08000a92   0x08000a92   0x0000009c   Code   RO         2764    x$fpl$dnaninf       fz_wm.l(dnaninf.o)
    0x08000b2e   0x08000b2e   0x0000000c   Code   RO         2766    x$fpl$dretinf       fz_wm.l(dretinf.o)
    0x08000b3a   0x08000b3a   0x0000000a   Code   RO         2855    x$fpl$fpinit        fz_wm.l(fpinit.o)
    0x08000b44   0x08000b44   0x0000000a   Code   RO         2768    x$fpl$fretinf       fz_wm.l(fretinf.o)
    0x08000b4e   0x08000b4e   0x00000000   Code   RO         2770    x$fpl$usenofp       fz_wm.l(usenofp.o)
    0x08000b4e   0x08000b4e   0x00000002   PAD
    0x08000b50   0x08000b50   0x00000018   Data   RO          312    .constdata          led.o
    0x08000b68   0x08000b68   0x00000020   Data   RO         2919    Region$$Table       anon$$obj.o


    Execution Region RW_IRAM1 (Exec base: 0x20000000, Load base: 0x08000b88, Size: 0x00000678, Max: 0x00050000, ABSOLUTE)

    Exec Addr    Load Addr    Size         Type   Attr      Idx    E Section Name        Object

    0x20000000   0x08000b88   0x00000008   Data   RW          205    .data               delay.o
    0x20000008   0x08000b90   0x00000010   Data   RW          313    .data               led.o
    0x20000018        -       0x00000060   Zero   RW         2797    .bss                c_w.l(libspace.o)
    0x20000078        -       0x00000200   Zero   RW         2735    HEAP                startup_stm32f469_479xx.o
    0x20000278        -       0x00000400   Zero   RW         2734    STACK               startup_stm32f469_479xx.o


==============================================================================

Image component sizes


      Code (inc. data)   RO Data    RW Data    ZI Data      Debug   Object Name

       252         28          0          8          0       1920   delay.o
       136         28         24         16          0       1965   led.o
        74          0          0          0          0     305495   main.o
        40          0          0          0          0        558   misc.o
        64         26        436          0       1536        908   startup_stm32f469_479xx.o
       144          0          0          0          0       1140   stm32f4xx_gpio.o
        26          0          0          0          0       3938   stm32f4xx_it.o
        32          6          0          0          0        609   stm32f4xx_rcc.o
       392         32          0          0          0       1701   system_stm32f4xx.o
         4          0          0          0          0        464   usart.o

    ----------------------------------------------------------------------
      1172        120        492         24       1536     318698   Object Totals
         0          0         32          0          0          0   (incl. Generated)
         8          0          0          0          0          0   (incl. Padding)

    ----------------------------------------------------------------------

      Code (inc. data)   RO Data    RW Data    ZI Data      Debug   Library Member Name

         8          0          0          0          0         68   __main.o
         0          0          0          0          0          0   __rtentry.o
        12          0          0          0          0          0   __rtentry2.o
         6          0          0          0          0          0   __rtentry4.o
        52          8          0          0          0          0   __scatter.o
        26          0          0          0          0          0   __scatter_copy.o
        28          0          0          0          0          0   __scatter_zi.o
        18          0          0          0          0         80   exit.o
         6          0          0          0          0        152   heapauxi.o
         2          0          0          0          0          0   libinit.o
         6          0          0          0          0          0   libinit2.o
         2          0          0          0          0          0   libshutdown.o
         2          0          0          0          0          0   libshutdown2.o
         8          4          0          0         96         68   libspace.o
         2          0          0          0          0          0   rtexit.o
        10          0          0          0          0          0   rtexit2.o
        74          0          0          0          0         80   sys_stackheap_outer.o
         2          0          0          0          0         68   use_no_semi.o
         2          0          0          0          0         68   use_no_semi_2.o
        98          4          0          0          0        140   d2f.o
       688        140          0          0          0        256   ddiv.o
        38          0          0          0          0        116   dflt_clz.o
       156          4          0          0          0        140   dnaninf.o
        12          0          0          0          0        116   dretinf.o
        10          0          0          0          0        116   fpinit.o
        10          0          0          0          0        116   fretinf.o
         0          0          0          0          0          0   usenofp.o

    ----------------------------------------------------------------------
      1288        160          0          0         96       1584   Library Totals
        10          0          0          0          0          0   (incl. Padding)

    ----------------------------------------------------------------------

      Code (inc. data)   RO Data    RW Data    ZI Data      Debug   Library Name

       266         12          0          0         96        584   c_w.l
      1012        148          0          0          0       1000   fz_wm.l

    ----------------------------------------------------------------------
      1288        160          0          0         96       1584   Library Totals

    ----------------------------------------------------------------------

==============================================================================


      Code (inc. data)   RO Data    RW Data    ZI Data      Debug   

      2460        280        492         24       1632     317826   Grand Totals
      2460        280        492         24       1632     317826   ELF Image Totals
      2460        280        492         24          0          0   ROM Totals

==============================================================================

    Total RO  Size (Code + RO Data)                 2952 (   2.88kB)
    Total RW  Size (RW Data + ZI Data)              1656 (   1.62kB)
    Total ROM Size (Code + RO Data + RW Data)       2976 (   2.91kB)

==============================================================================

